[backblue.gif]
[fade.gif]
[index.html]
[thepointsb.com/feed/index.html]
[thepointsb.com/comments/feed/index.html]
[maxcdn.bootstrapcdn.com/font-awesome/4.7.0/css/font-awesome.min.css]
[thepointsb.com/wp-includes/js/jquery/jqueryb8ff.js]
[thepointsb.com/wp-includes/js/jquery/jquery-migrate.min330a.js]
[thepointsb.com/wp-content/plugins/landing-pages/shared/assets/js/frontend/analytics/inboundAnalytics.min.js]
[thepointsb.com/xmlrpc0db0.php]
[thepointsb.com/wp-json/index.html]
[thepointsb.com/wp-includes/wlwmanifest.xml]
[thepointsb.com/wp-json/oembed/1.0/embedf0ad.json]
[thepointsb.com/wp-json/oembed/1.0/embed0027]
[thepointsb.com/wp-content/uploads/2018/05/ThePointLogo_color.png]
[thepointsb.com/wp-content/uploads/2018/05/The-Point-Logo.png]
[thepointsb.com/wp-content/uploads/2018/06/About-01.png]
[thepointsb.com/wp-content/uploads/2018/06/Directory-01.png]
[thepointsb.com/wp-content/uploads/2018/06/News-01.png]
[thepointsb.com/wp-content/uploads/2018/06/Leasing-01.png]
[thepointsb.com/wp-content/uploads/2018/06/Photo-Gallery-01.png]
[thepointsb.com/wp-content/uploads/2018/06/Events-01.png]
[thepointsb.com/wp-content/uploads/2018/06/Contact-01.png]
[thepoint.thepointsb.com/wp-content/uploads/2018/06/Social-Icons-the-Point-01.png]
[thepoint.thepointsb.com/wp-content/uploads/2018/06/Social-Icons-the-Point-02.png]
[thepoint.thepointsb.com/wp-content/uploads/2018/06/Social-Icons-the-Point-03.png]
[thepoint.thepointsb.com/wp-content/uploads/2018/06/Social-Icons-the-Point-04.png]
[thepoint.thepointsb.com/wp-content/uploads/2018/06/Social-Icons-the-Point-05.png]
[thepointsb.com/wp-content/uploads/2018/06/The-Point-Homepage-01.png]
[thepointsb.com/wp-content/uploads/2018/05/HOmepage.png]
[thepointsb.com/wp-content/uploads/2018/05/FRIT-LOGO.png]
[thepointsb.com/wp-content/plugins/landing-pages/shared/shortcodes/js/spin.min.js]
[thepointsb.com/wp-content/plugins/instagram-feed/js/sb-instagram.min3109.js]
[thepointsb.com/wp-content/plugins/forms-for-campaign-monitor/forms/views/public/js/app5010.js]
[thepointsb.com/wp-content/themes/Divi/js/custom.minef85.js]
[thepointsb.com/wp-content/themes/Divi/includes/builder/scripts/ext/jquery.visible.minef85.js]
[thepointsb.com/wp-content/plugins/divi-builder/core/admin/js/commonef85.js]
[thepointsb.com/wp-content/uploads/wtfdivi/wp_footerb478.js]
[thepointsb.com/wp-includes/js/wp-embed.min5010.js]
[thepointsb.com/wp-content/plugins/sb-image-hover-effects/public/animation5010.js]
[thepointsb.com/wp-content/uploads/2018/05/Home_Smitten_Ice_Gradient-01.jpg]
[thepointsb.com/index.html]
[thepointsb.com/xmlrpc.php]
[thepointsb.com/wp-content/plugins/formidable/images/ajax_loader.gif]
[thepointsb.com/wp-content/plugins/formidable/fonts/s11-fp30f4.eot]
[thepointsb.com/wp-content/plugins/formidable/fonts/s11-fp30f4.woff]
[thepointsb.com/wp-content/plugins/formidable/fonts/s11-fp30f4.ttf]
[thepointsb.com/wp-content/plugins/formidable/css/formidableforms8490.css]
[thepointsb.com/wp-content/plugins/divi-booster/core/fixes/126-customizer-social-icons/fonts/socicon.eot]
[thepointsb.com/wp-content/plugins/divi-booster/core/fixes/126-customizer-social-icons/fonts/socicon.woff]
[thepointsb.com/wp-content/plugins/divi-booster/core/fixes/126-customizer-social-icons/fonts/socicon.ttf]
[thepointsb.com/wp-content/plugins/divi-booster/core/fixes/126-customizer-social-icons/fonts/socicond41d.eot]
[thepointsb.com/wp-content/plugins/divi-booster/core/fixes/126-customizer-social-icons/iconsae29.css]
[thepointsb.com/wp-content/uploads/wtfdivi/wp_headb478.css]
[thepointsb.com/wp-content/plugins/instagram-feed/img/loader.png]
[thepointsb.com/wp-content/plugins/instagram-feed/img/small-logo.png]
[thepointsb.com/wp-content/plugins/instagram-feed/css/sb-instagram.min3109.css]
[maxcdn.bootstrapcdn.com/font-awesome/4.7.0/css/font-awesome.min.css]
[thepointsb.com/wp-content/plugins/landing-pages/shared/assets/fonts/fontawesome/fonts/fontawesome-webfont994f.eot]
[thepointsb.com/wp-content/plugins/landing-pages/shared/assets/fonts/fontawesome/fonts/fontawesome-webfontd41d.eot]
[thepointsb.com/wp-content/plugins/landing-pages/shared/assets/fonts/fontawesome/fonts/fontawesome-webfont994f.woff]
[thepointsb.com/wp-content/plugins/landing-pages/shared/assets/fonts/fontawesome/fonts/fontawesome-webfont994f.ttf]
[thepointsb.com/wp-content/plugins/landing-pages/shared/shortcodes/css/frontend-render5010.css]
[thepointsb.com/wp-content/plugins/forms-for-campaign-monitor/forms/views/public/css/app8a54.css]
[thepointsb.com/wp-content/themes/Divi/core/admin/fonts/modules.eot]
[thepointsb.com/wp-content/themes/Divi/core/admin/fonts/modules.ttf]
[thepointsb.com/wp-content/themes/Divi/core/admin/fonts/modulesd41d.eot]
[thepointsb.com/wp-content/themes/Divi/core/admin/fonts/modules.woff]
[thepointsb.com/wp-content/themes/Divi/includes/builder/styles/images/subscribe-loader.gif]
[thepointsb.com/wp-content/themes/Divi/includes/builder/styles/images/preloader.gif]
[thepointsb.com/wp-content/themes/Divi/epanel/shortcodes/images/shortcodes-sprite.png]
[thepointsb.com/wp-content/themes/Divi/style5010.css]
[thepointsb.com/wp-content/themes/Divi-Cline-Child/style7fdd.css]
[thepointsb.com/wp-content/themes/Divi-Cline-Child/ctc-style7fdd.css]
[thepointsb.com/wp-includes/fonts/dashicons.eot]
[thepointsb.com/wp-includes/css/dashicons.min5010.css]
[thepointsb.com/wp-content/cache/et/global/et-divi-customizer-global-15347855410327.min.css]
[thepointsb.com/wp-json/oembed/1.0/embedd69e.json]
[thepointsb.com/wp-json/oembed/1.0/embed2209]
[thepointsb.com/wp-content/uploads/2018/05/The-Point-Header_02-01-01.png]
[thepointsb.com/wp-content/uploads/2018/05/courtyard.jpg]
[thepointsb.com/wp-content/uploads/2018/05/The-Point-Bottom-footer-01-2.png]
[thepointsb.com/wp-content/uploads/2018/05/The-Point-Bottom-footer-02-2.png]
[thepointsb.com/wp-content/uploads/2018/08/Tocaya-Banner.jpg]
[thepointsb.com/wp-content/uploads/2018/05/The-Point-Logo-02.png]
[thepointsb.com/wp-content/uploads/2018/06/The-Point-Mobile-Header.png]
[thepointsb.com/tpabout/index.html]
[thepointsb.com/wp-json/oembed/1.0/embed4cfb.json]
[thepointsb.com/wp-json/oembed/1.0/embedc526]
[thepoint.thepointsb.com/wp-content/uploads/2018/05/1..jpg]
[thepoint.thepointsb.com/wp-content/uploads/2018/05/2..jpg]
[thepoint.thepointsb.com/wp-content/uploads/2018/05/3.jpg]
[thepoint.thepointsb.com/wp-content/uploads/2018/05/2-1.jpg]
[thepoint.thepointsb.com/wp-content/uploads/2018/05/1.jpg]
[thepoint.thepointsb.com/wp-content/uploads/2018/05/3-2.jpg]
[thepoint.thepointsb.com/wp-content/uploads/2018/05/1.png]
[thepoint.thepointsb.com/wp-content/uploads/2018/05/8.jpg]
[thepoint.thepointsb.com/wp-content/uploads/2018/05/2.png]
[thepoint.thepointsb.com/wp-content/uploads/2018/05/4.jpg]
[thepoint.thepointsb.com/wp-content/uploads/2018/05/2.jpg]
[thepoint.thepointsb.com/wp-content/uploads/2018/05/5.png]
[thepoint.thepointsb.com/wp-content/uploads/2018/05/6.png]
[thepoint.thepointsb.com/wp-content/uploads/2018/05/7.jpg]
[thepoint.thepointsb.com/wp-content/uploads/2018/05/8.png]
[thepoint.thepointsb.com/wp-content/uploads/2018/05/9.png]
[thepoint.thepointsb.com/wp-content/uploads/2018/05/3.png]
[thepoint.thepointsb.com/wp-content/uploads/2018/05/10.png]
[thepoint.thepointsb.com/wp-content/uploads/2018/06/1461178188_Monograph-Web.jpg]
[thepoint.thepointsb.com/wp-content/uploads/2018/05/11.png]
[thepoint.thepointsb.com/wp-content/uploads/2018/05/4.png]
[thepoint.thepointsb.com/wp-content/uploads/2018/05/12.png]
[thepoint.thepointsb.com/wp-content/uploads/2018/05/5-1.png]
[thepoint.thepointsb.com/wp-content/uploads/2018/05/4-1.jpg]
[thepoint.thepointsb.com/wp-content/uploads/2018/05/13.png]
[thepoint.thepointsb.com/wp-content/uploads/2018/05/6.jpg]
[thepoint.thepointsb.com/wp-content/uploads/2018/05/14.jpg]
[thepoint.thepointsb.com/wp-content/uploads/2018/05/15.jpg]
[thepoint.thepointsb.com/wp-content/uploads/2018/05/16.png]
[thepoint.thepointsb.com/wp-content/uploads/2018/05/17.png]
[thepoint.thepointsb.com/wp-content/uploads/2018/05/7.png]
[thepoint.thepointsb.com/wp-content/uploads/2018/05/4-1.png]
[thepoint.thepointsb.com/wp-content/uploads/2018/05/18.jpg]
[thepoint.thepointsb.com/wp-content/uploads/2018/05/8-1.png]
[thepoint.thepointsb.com/wp-content/uploads/2018/05/9.jpg]
[thepoint.thepointsb.com/wp-content/uploads/2018/05/10-1.png]
[thepoint.thepointsb.com/wp-content/uploads/2018/05/11.jpg]
[thepoint.thepointsb.com/wp-content/uploads/2018/05/5-2.png]
[thepoint.thepointsb.com/wp-content/uploads/2018/05/5.jpg]
[thepointsb.com/wp-content/uploads/2018/05/Directory_May_2018.pdf]
[thepointsb.com/directory/index.html]
[thepointsb.com/wp-json/oembed/1.0/embed61ef.json]
[thepointsb.com/wp-json/oembed/1.0/embede568]
[thepoint.thepointsb.com/wp-content/uploads/2018/06/Eater_LA_Tocaya.jpg]
[thepoint.thepointsb.com/wp-content/uploads/2018/05/Screen-Shot-2018-05-21-at-12.55.17-PM.png]
[thepoint.thepointsb.com/wp-content/uploads/2018/05/Screen-Shot-2018-05-21-at-12.55.24-PM.png]
[thepoint.thepointsb.com/wp-content/uploads/2018/05/Screen-Shot-2018-05-21-at-12.55.33-PM.png]
[thepoint.thepointsb.com/wp-content/uploads/2018/05/Screen-Shot-2018-05-21-at-12.55.43-PM.png]
[thepoint.thepointsb.com/wp-content/uploads/2018/05/Screen-Shot-2018-05-21-at-12.55.49-PM.png]
[thepoint.thepointsb.com/wp-content/uploads/2018/05/Screen-Shot-2018-05-21-at-12.55.57-PM.png]
[thepoint.thepointsb.com/wp-content/uploads/2018/05/Screen-Shot-2018-05-21-at-12.56.05-PM.png]
[thepoint.thepointsb.com/wp-content/uploads/2018/05/Screen-Shot-2018-05-21-at-12.56.10-PM.png]
[thepointsb.com/news-2/index.html]
[thepointsb.com/wp-json/oembed/1.0/embed067c.json]
[thepointsb.com/wp-json/oembed/1.0/embedf10f]
[thepointsb.com/wp-content/uploads/2018/05/The-Point-at-Rosecrans-and-Sepulveda.mp4]
[thepointsb.com/wp-content/uploads/2018/08/video-overlay-1.jpg]
[thepointsb.com/wp-content/uploads/2018/06/FRP-1807-Brochure-11in-x-8.5-Leasing-June-2018-Update-150ppi_-Web-Ready.pdf]
[thepointsb.com/wp-content/uploads/2018/05/ThePoint-Leasing-contact-info-01.png]
[thepointsb.com/wp-content/uploads/2018/05/ThePoint-Leasing-contact-info-02.png]
[thepointsb.com/wp-includes/js/mediaelement/mediaelement-and-player.min45a0.js]
[thepointsb.com/wp-includes/js/mediaelement/mediaelement-migrate.min5010.js]
[thepointsb.com/wp-includes/js/mediaelement/wp-mediaelement.min5010.js]
[thepointsb.com/thepointleasing/index.html]
[thepointsb.com/wp-json/oembed/1.0/embed8338.json]
[thepointsb.com/wp-json/oembed/1.0/embedd177]
[thepointsb.com/wp-content/uploads/2018/05/Superba_Diningjpg_size336x231_bgtransparent_fsb19f646d8b1f2b8e736d2036f0bea27d_tr0_p0.png]
[thepointsb.com/wp-content/uploads/2018/05/Patio_Evening.jpg]
[thepointsb.com/wp-content/uploads/2018/05/Aveda_.jpg]
[thepointsb.com/wp-content/uploads/2018/05/replacement-pic.jpg]
[thepointsb.com/wp-content/uploads/2018/05/Hopdoddy.jpg]
[thepointsb.com/wp-content/uploads/2018/05/Sunset4.jpg]
[thepointsb.com/wp-content/uploads/2018/05/Lucky-Brand-and-Marmi.jpg]
[thepointsb.com/wp-content/uploads/2018/05/truefood.jpg]
[thepointsb.com/wp-content/uploads/2018/05/lucky.jpg]
[thepointsb.com/wp-content/uploads/2018/05/kids.jpg]
[thepointsb.com/wp-content/uploads/2018/05/fountain.jpg]
[thepointsb.com/gallery/index.html]
[thepointsb.com/wp-json/oembed/1.0/embed9e72.json]
[thepointsb.com/wp-json/oembed/1.0/embeda66b]
[thepointsb.com/wp-content/uploads/2018/05/The-Point-events-01.png]
[thepointsb.com/wp-content/uploads/2018/08/Fashion-on-the-Point-banner2.jpg]
[thepointsb.com/wp-content/uploads/2018/05/The-Point-events-03.png]
[thepointsb.com/wp-content/uploads/2018/05/The-Point-events-04.png]
[thepointsb.com/wp-content/uploads/2018/05/The-Point-events-05.png]
[thepointsb.com/events/index.html]
[thepointsb.com/wp-json/oembed/1.0/embeddfc7.json]
[thepointsb.com/wp-json/oembed/1.0/embed179e]
[thepointsb.com/contact/index.html]
[thepointsb.com/index681f.html]
[thepointsb.com/home-3/index.html]
[thepointsb.com/wp-json/oembed/1.0/embed964a.json]
[thepointsb.com/wp-json/oembed/1.0/embedf7da]
[thepointsb.com/wp-content/plugins/forms-for-campaign-monitor/forms/views/public/images/PowerdByCampMon@2x.png]
[thepointsb.com/wp-content/plugins/forms-for-campaign-monitor/forms/views/public/images/X@2x.png]
[ajax.googleapis.com/ajax/libs/webfont/1/webfont.js]
[thepointsb.com/e-list/index.html]
[thepointsb.com/wp-admin/admin-ajax.html]
[thepointsb.com/wp-content/plugins/sb-image-hover-effects/public/animation5010.css]
[thepointsb.com/wp-content/plugins/sb-image-hover-effects/public/style5010.css]
[thepointsb.com/wp-content/plugins/formidable/fonts/s11-fp30f4.svg]
[thepointsb.com/wp-content/plugins/divi-booster/core/fixes/126-customizer-social-icons/fonts/socicon.svg]
[thepointsb.com/wp-content/plugins/landing-pages/shared/shortcodes/css/images/map.html]
[thepointsb.com/wp-content/themes/Divi/core/admin/fonts/modules.svg]
[thepointsb.com/index7b09.html]
[thepointsb.com/indexbe9d.html]
[thepointsb.com/wp-json/oembed/1.0/embeddc57.json]
[thepointsb.com/wp-json/oembed/1.0/embed89e4]
[thepointsb.com/wp-content/uploads/2018/05/MG_1007-1.jpg]
[thepointsb.com/mommyandme/index.html]
[thepointsb.com/indexdfc2.html]
[thepointsb.com/directory/directory/index.html]
[thepointsb.com/directory/shopping/index.html]
[thepointsb.com/directory/dining/index.html]
[thepointsb.com/directory/services/index.html]
[thepointsb.com/directory/office/index.html]
[thepointsb.com/indexfb4d.html]
[thepointsb.com/wp-json/oembed/1.0/embed96d0.json]
[thepointsb.com/wp-json/oembed/1.0/embeda4f4]
[thepointsb.com/shopping/index.html]
[thepointsb.com/index7254.html]
[thepointsb.com/wp-json/oembed/1.0/embedde62.json]
[thepointsb.com/wp-json/oembed/1.0/embed45e5]
[thepointsb.com/wp-content/uploads/2018/05/Lucky_hiring.jpg]
[thepointsb.com/wp-content/uploads/2018/05/The-Point-Bottom-footer-03-2.png]
[thepointsb.com/now-hiring/index.html]
[thepointsb.com/wp-includes/js/mediaelement/mediaelementplayer-legacy.min45a0.css]
[thepointsb.com/wp-includes/js/mediaelement/wp-mediaelement.min5010.css]
[thepointsb.com/indexd4fb.html]
[thepointsb.com/index8698.html]
[thepointsb.com/wp-json/oembed/1.0/embed8a83.json]
[thepointsb.com/wp-json/oembed/1.0/embed8712]
[thepointsb.com/wp-content/uploads/2018/08/Fashion-on-the-Point-square-300x300.jpg]
[thepointsb.com/wp-content/uploads/2018/08/Fashion-on-the-Point-banner.jpg]
[thepointsb.com/fashion-on-point/index.html]
[thepointsb.com/wp-json/oembed/1.0/embeda581.json]
[thepointsb.com/wp-json/oembed/1.0/embed2d6b]
[thepointsb.com/athleta/index.html]
[thepointsb.com/wp-json/oembed/1.0/embeddcff.json]
[thepointsb.com/wp-json/oembed/1.0/embed0ff3]
[thepointsb.com/wp-content/uploads/2018/05/prAna_YOGA.jpg]
[thepointsb.com/prana/index.html]
[thepointsb.com/wp-json/oembed/1.0/embed9b61.json]
[thepointsb.com/wp-json/oembed/1.0/embed4fc4]
[thepointsb.com/wp-content/uploads/2018/05/Summer_Music_2018.jpg]
[thepointsb.com/summer-music/index.html]
[thepointsb.com/nowhiring.html]
[thepointsb.com/indexbe1b.html]
[thepointsb.com/indexa182.html]
[thepointsb.com/wp-content/plugins/forms-for-campaign-monitor/forms/views/public/images/success-icon.svg]
[thepointsb.com/wp-includes/js/heartbeat.min5010.js]
[thepointsb.com/wp-includes/js/autosave.min5010.js]
[thepointsb.com/now-hiring/index8b10.html]
[thepointsb.com/index833b.html]
[thepointsb.com/wp-json/oembed/1.0/embed.df98e7.delayed]
[thepointsb.com/wp-json/oembed/1.0/embed9f03]
[thepointsb.com/dining/index.html]
[thepointsb.com/wp-json/oembed/1.0/embedeb0d.json]
[thepointsb.com/wp-json/oembed/1.0/embedd12b]
[thepoint.thepointsb.com/wp-content/uploads/2018/05/1-1.jpg]
[thepointsb.com/wp-content/uploads/2018/08/Face_haus_Web.jpg]
[thepointsb.com/services/index.html]
[thepointsb.com/wp-json/oembed/1.0/embeddcdb.json]
[thepointsb.com/wp-json/oembed/1.0/embeda3ef]
[thepoint.thepointsb.com/wp-content/uploads/2018/05/3-1.jpg]
[thepointsb.com/office/index.html]
[thepointsb.com/index77e5.html]
[thepointsb.com/shopping/directory/index.html]
[thepointsb.com/shopping/shopping/index.html]
[thepointsb.com/shopping/dining/index.html]
[thepointsb.com/shopping/services/index.html]
[thepointsb.com/shopping/office/index.html]
[thepointsb.com/shopping/service/index.html]
[thepointsb.com/indexfc21.html]
[thepointsb.com/wp-includes/js/mediaelement/mejs-controls.svg]
[thepointsb.com/index4ee6.html]
[thepointsb.com/indexfce4.html]
[thepointsb.com/index3dfd.html]
[thepointsb.com/index0370.html]
[thepointsb.com/index9b24.html]
[thepointsb.com/index799a.html]
[thepointsb.com/dining/directory/index.html]
[thepointsb.com/dining/shopping/index.html]
[thepointsb.com/dining/dining/index.html]
[thepointsb.com/dining/services/index.html]
[thepointsb.com/dining/office/index.html]
[thepointsb.com/index7f6d.html]
[thepointsb.com/services/directory/index.html]
[thepointsb.com/services/shopping/index.html]
[thepointsb.com/services/dining/index.html]
[thepointsb.com/services/services/index.html]
[thepointsb.com/services/office/index.html]
[thepointsb.com/services/service/index.html]
[thepointsb.com/indexd172.html]
[thepointsb.com/office/directory/index.html]
[thepointsb.com/office/shopping/index.html]
[thepointsb.com/office/dining/index.html]
[thepointsb.com/office/services/index.html]
[thepointsb.com/office/office/index.html]
[thepointsb.com/office/service/index.html]
[thepointsb.com/wp-json/oembed/1.0/embedb554.json]
[thepointsb.com/wp-json/oembed/1.0/embed160c]
[thepointsb.com/cars-and-coffee/index.html]
[thepointsb.com/index2a43.html]
