[www.santanarow.com/index.html]
[backblue.gif]
[fade.gif]
[index.html]
[www.santanarow.com/css/normalize.min.css]
[www.santanarow.com/css/main.css]
[connect.facebook.net/en_US/fbevents.js]
[www.santanarow.com/js/modernizr-2.6.2-respond-1.1.0.min.js]
[www.santanarow.com/shop.html]
[www.santanarow.com/dine.html]
[www.santanarow.com/events.html]
[www.santanarow.com/live.html]
[www.santanarow.com/offices.html]
[www.santanarow.com/concierge.html]
[www.santanarow.com/images/blog-files/Santana_Row_-_Bill_Tatham,_SWA-2141.jpg]
[www.santanarow.com/images/santanarow-logo-min.png]
[www.santanarow.com/images/promos/sephora-and-street-dark.jpg]
[www.santanarow.com/images/common/rewards-title-img.png]
[www.santanarow.com/images/blog-files/700_Santana_Row_Aerial_Rendering_Resized.jpg]
[scontent.cdninstagram.com/vp/d84753f07640b8e79856528cffdc100e/5BF5F66E/t51.2885-15/sh0.08/e35/p640x640/38927981_504994039928429_198110520488755200_n.jpg]
[scontent.cdninstagram.com/vp/fee7d7cbafe55c569c6c0fc8ea3d04ee/5C1A89C3/t51.2885-15/sh0.08/e35/s640x640/38890018_1669868716457518_7842525121884454912_n.jpg]
[scontent.cdninstagram.com/vp/7f063c0728c3193763a3379fea4a57aa/5BFA34E7/t51.2885-15/sh0.08/e35/s640x640/38879302_250203222293847_6736024774864011264_n.jpg]
[scontent.cdninstagram.com/vp/c2218df2f0e94a0a4ac3ef4eb4974c2f/5C0148DF/t51.2885-15/sh0.08/e35/s640x640/39054435_234825893846821_3826755327466930176_n.jpg]
[scontent.cdninstagram.com/vp/a558eb05b014fabe7875f5061f6a4252/5C3879F9/t51.2885-15/sh0.08/e35/p640x640/38885030_1029720763856369_1054660916391444480_n.jpg]
[www.santanarow.com/images/promos/twitter-fallback-3.jpg]
[pbs.twimg.com/media/DlKDxr4X4AEfJ9E.jpg]
[pbs.twimg.com/media/DlJjsy1UUAAMCaH.jpg]
[pbs.twimg.com/media/DlJLrDPU0AAUpV8.jpg]
[www.santanarow.com/images/promos/twitter-fallback-4.jpg]
[www.santanarow.com/images/promos/soulcycle_2018.jpg]
[www.santanarow.com/shop/soul-cycle.html]
[www.santanarow.com/images/promos/Mendo_Kids.jpg]
[www.santanarow.com/dine/mendocino-farms.html]
[www.santanarow.com/images/promos/Fruits_Web.jpg]
[www.santanarow.com/events/le-marche-santana-row-farmers-market6.html]
[www.santanarow.com/images/promos/aritzia_web_promo.jpg]
[www.santanarow.com/shop/aritzia.html]
[www.santanarow.com/concierge/gifts.html]
[translate.google.com/translate_a/element.22a0d8.delayed]
[www.santanarow.com/images/common/snapcode.png]
[www.santanarow.com/concierge/hotel/index.html]
[www.santanarow.com/concierge/get_connected/index.html]
[www.santanarow.com/js/0.9.5/main.min.js]
[www.google-analytics.com/analytics.js]
[www.santanarow.com/index.html]
[www.santanarow.com/css/normalize.min.css]
[www.santanarow.com/js/0.9.5/lib/concat/global.concat.lib.js]
[www.santanarow.com/assets/djhannes-webfont.woff]
[www.santanarow.com/assets/djhannes-webfont.eot]
[www.santanarow.com/assets/brandon_bld-webfont.woff]
[www.santanarow.com/assets/brandon_bld-webfont.eot]
[www.santanarow.com/assets/brandon_bld-webfont.ttf]
[www.santanarow.com/assets/brandon_bld-webfont.svg]
[www.santanarow.com/assets/brandon_bld-webfontd41d.eot]
[www.santanarow.com/assets/brandon_blk-webfont.woff]
[www.santanarow.com/assets/brandon_blk-webfont.eot]
[www.santanarow.com/assets/brandon_blk-webfont.ttf]
[www.santanarow.com/assets/brandon_blk-webfont.svg]
[www.santanarow.com/assets/brandon_blk-webfontd41d.eot]
[www.santanarow.com/assets/radley-regular-webfont.woff]
[www.santanarow.com/assets/radley-regular-webfont.eot]
[www.santanarow.com/assets/radley-regular-webfont.ttf]
[www.santanarow.com/assets/radley-regular-webfont.svg]
[www.santanarow.com/assets/radley-regular-webfontd41d.eot]
[www.santanarow.com/assets/radley-italic-webfont.woff]
[www.santanarow.com/assets/radley-italic-webfont.eot]
[www.santanarow.com/assets/radley-italic-webfontd41d.eot]
[www.santanarow.com/assets/radley-italic-webfont.ttf]
[www.santanarow.com/assets/radley-italic-webfont.svg]
[www.santanarow.com/assets/6d0c45bd-b627-4868-942a-91b2f83580f2.woff]
[www.santanarow.com/assets/4c83158e-1435-42b3-9577-b2b30ca41519d41d.eot]
[www.santanarow.com/assets/f00e2b8d-55bd-4f31-b5ae-e6230f2c8481.svg]
[www.santanarow.com/assets/sr-iconsde72.eot]
[www.santanarow.com/assets/sr-iconsde72.ttf]
[www.santanarow.com/assets/sr-iconsde72.woff]
[www.santanarow.com/assets/6334af5a-f301-4a6a-bbe1-2f3f58d3a799.ttf]
[www.santanarow.com/assets/sr-iconsde72.svg]
[www.santanarow.com/images/siteimages/wavy_lines_tile_light.png]
[www.santanarow.com/images/siteimages/bg-fixed.png]
[www.santanarow.com/images/heros/sr_concierge_bg.jpg]
[www.santanarow.com/assets/backgroundsize.min.htc]
[www.santanarow.com/images/siteimages/ajax-loader.gif]
[www.santanarow.com/images/siteimages/wavy_lines_tile_dark.png]
[www.santanarow.com/images/siteimages/wavy_lines.png]
[www.santanarow.com/css/main.css]
[connect.facebook.net/en_US/fbevents.js]
[www.santanarow.com/images/made/images/heros/Shop_Hero_16_317_160_000000opac- 75_s_c1.jpg]
[www.santanarow.com/images/made/images/heros/Shop_Hero_16_768_387_000000opac- 75_s_c1.jpg]
[www.santanarow.com/images/made/images/heros/Shop_Hero_16_1100_554_000000opac- 75_s_c1.jpg]
[www.santanarow.com/images/made/images/heros/Shop_Hero_16_1600_806_000000opac- 75_s_c1.jpg]
[www.santanarow.com/shop/100_pure.html]
[www.santanarow.com/images/vendor/store_logo_100Pure@2x.png]
[www.santanarow.com/shop/aesop.html]
[www.santanarow.com/images/vendor/Aesop_Logo.png]
[www.santanarow.com/shop/amazon-books.html]
[www.santanarow.com/images/vendor/Amazon_Books_Logo_Web.png]
[www.santanarow.com/shop/anthropologie.html]
[www.santanarow.com/images/vendor/store_logo_Anthropologie@2x.png]
[www.santanarow.com/images/vendor/Aritzia-Logo-REGULAR-Final.png]
[www.santanarow.com/shop/atelier_studio.html]
[www.santanarow.com/images/vendor/AtelierStudio@2x-002.png]
[www.santanarow.com/shop/BALDWIN.html]
[www.santanarow.com/images/vendor/LOGO_BALDWIN.png]
[www.santanarow.com/shop/bellarmine_salon_barber.html]
[www.santanarow.com/images/vendor/store_logo_BellarmineSalon@2x.png]
[www.santanarow.com/shop/bellau-spa-and-wellness.html]
[www.santanarow.com/images/vendor/Bella_U_Logo_edited-1.png]
[www.santanarow.com/shop/best_buy.html]
[www.santanarow.com/images/vendor/store_logo_BestBuy@2x.png]
[www.santanarow.com/shop/boconcept.html]
[www.santanarow.com/images/vendor/BoConcept@2x.png]
[www.santanarow.com/shop/bonobos.html]
[www.santanarow.com/images/vendor/Bonobos@2x.png]
[www.santanarow.com/shop/boutique_harajuku.html]
[www.santanarow.com/images/vendor/Boutique_Harajuku_Logo.png]
[www.santanarow.com/shop/burke_williams.html]
[www.santanarow.com/images/vendor/store_logo_BurkeWilliams@2x.png]
[www.santanarow.com/shop/chicos.html]
[www.santanarow.com/images/vendor/store_logo_Chicos@2x.png]
[www.santanarow.com/shop/cine_arts.html]
[www.santanarow.com/images/vendor/store_logo_CineArts@2x.png]
[www.santanarow.com/shop/the_container_store.html]
[www.santanarow.com/images/vendor/store_logo_TheContainerStore@2x.png]
[www.santanarow.com/shop/crate_and_barrel.html]
[www.santanarow.com/images/vendor/store_logo_CrateBarrel@2x.png]
[www.santanarow.com/shop/donald_j_pliner.html]
[www.santanarow.com/images/vendor/store_logo_DonaldJPliner@2x.png]
[www.santanarow.com/shop/drybar.html]
[www.santanarow.com/images/vendor/store_logo_DryBar@2x.png]
[www.santanarow.com/shop/everything-but-water.html]
[www.santanarow.com/images/vendor/Everything_But_Water_Logo.png]
[www.santanarow.com/dine/fantasia-tea-cafe.html]
[www.santanarow.com/images/vendor/store_logo_Fantasia@2x.png]
[www.santanarow.com/shop/fjallraven.html]
[www.santanarow.com/images/vendor/fjallraven_logo_web.png]
[www.santanarow.com/shop/franco-uomo.html]
[www.santanarow.com/images/vendor/Franco_Uomo_logo.png]
[www.santanarow.com/shop/free_people.html]
[www.santanarow.com/images/vendor/store_logo_FreePeople@2x.png]
[www.santanarow.com/shop/gucci.html]
[www.santanarow.com/images/vendor/Gucci_Logo_(00000002)_edited-1.png]
[www.santanarow.com/shop/hm.html]
[www.santanarow.com/images/vendor/store_logo_HM@2x.png]
[www.santanarow.com/shop/kate_spade_new_york.html]
[www.santanarow.com/images/vendor/store_logo_KateSpade@2x.png]
[www.santanarow.com/shop/kendra-scott.html]
[www.santanarow.com/images/vendor/kendra_scott_logo_web.jpg]
[www.santanarow.com/shop/laser_away.html]
[www.santanarow.com/images/vendor/LaserAway2016.png]
[www.santanarow.com/shop/lavande_nail_spa.html]
[www.santanarow.com/images/vendor/store_logo_Lavande@2x.png]
[www.santanarow.com/shop/loft.html]
[www.santanarow.com/images/vendor/store_logo_LOFT@2x.png]
[www.santanarow.com/shop/lou-grey.html]
[www.santanarow.com/images/vendor/lou_grey_logo.png]
[www.santanarow.com/shop/lululemon_athletica.html]
[www.santanarow.com/images/vendor/store_logo_Lululemon@2x.png]
[www.santanarow.com/shop/madewell.html]
[www.santanarow.com/images/vendor/store_logo_Madewell@2x.png]
[www.santanarow.com/shop/maido.html]
[www.santanarow.com/images/vendor/store_logo_MaiDo@2x.png]
[www.santanarow.com/shop/makers-market.html]
[www.santanarow.com/images/vendor/Makers_Market_Logo.jpg]
[www.santanarow.com/shop/marine-layer.html]
[www.santanarow.com/images/vendor/MarineLayerLogo.png]
[www.santanarow.com/shop/mimi-tran.html]
[www.santanarow.com/images/vendor/MIMI.png]
[www.santanarow.com/shop/native-shoes.html]
[www.santanarow.com/images/vendor/Untitled-1.png]
[www.santanarow.com/shop/netgear.html]
[www.santanarow.com/images/vendor/Netgear_logo.png]
[www.santanarow.com/shop/oakley.html]
[www.santanarow.com/images/vendor/store_logo_Oakley@2x.png]
[www.santanarow.com/shop/optical_illusions.html]
[www.santanarow.com/images/vendor/store_logo_OpticalIllusions@2x.png]
[www.santanarow.com/shop/paper_source.html]
[www.santanarow.com/images/vendor/store_logo_PaperSource@2x.png]
[www.santanarow.com/dine/peets_coffee_tea.html]
[www.santanarow.com/images/vendor/store_logo_PeetsCoffeeTea@2x.png]
[www.santanarow.com/shop/penelope_boutique.html]
[www.santanarow.com/images/vendor/store_logo_PenelopeBoutique@2x.png]
[www.santanarow.com/dine/pressed_juicery.html]
[www.santanarow.com/images/vendor/PressedJuicery@2x.png]
[www.santanarow.com/shop/scotch-soda.html]
[www.santanarow.com/shop/sephora.html]
[www.santanarow.com/images/vendor/Sephora_Logo_white.png]
[www.santanarow.com/shop/sleep.html]
[www.santanarow.com/images/vendor/sleep.png]
[www.santanarow.com/images/vendor/Soul_Logo.png]
[www.santanarow.com/shop/spence-diamonds.html]
[www.santanarow.com/images/vendor/Spence_Diamonds.png]
[www.santanarow.com/dine/starbucks.html]
[www.santanarow.com/images/vendor/Starbucks@2x.png]
[www.santanarow.com/shop/sugarfina.html]
[www.santanarow.com/images/vendor/Sugarfina_Web.png]
[www.santanarow.com/shop/suit-supply.html]
[www.santanarow.com/images/vendor/Suitesupply_Web.png]
[www.santanarow.com/shop/sunglass-hut.html]
[www.santanarow.com/images/vendor/SunglassHut@2x.png]
[www.santanarow.com/shop/sur_la_table.html]
[www.santanarow.com/images/vendor/store_logo_SurLaTable@2x.png]
[www.santanarow.com/shop/tea-collection.html]
[www.santanarow.com/images/vendor/Tea_Collection.png]
[www.santanarow.com/shop/ted_baker.html]
[www.santanarow.com/images/vendor/store_logo_TedBaker@2x.png]
[www.santanarow.com/shop/tesla_motors.html]
[www.santanarow.com/images/vendor/store_logo_Tesla@2x.png]
[www.santanarow.com/shop/tommy_bahama.html]
[www.santanarow.com/images/vendor/Tommy_Bahama_2017_Logo.png]
[www.santanarow.com/shop/tranquility_dental_group.html]
[www.santanarow.com/images/vendor/TranquilityDental@2x.png]
[www.santanarow.com/shop/tumi.html]
[www.santanarow.com/images/vendor/Tumi_2018_Logo.png]
[www.santanarow.com/shop/us-bank.html]
[www.santanarow.com/images/vendor/USBank@2x.png]
[www.santanarow.com/shop/urban_outfitters.html]
[www.santanarow.com/images/vendor/store_logo_UrbanOutfitters@2x.png]
[www.santanarow.com/shop/vintage_wine_merchants.html]
[www.santanarow.com/images/vendor/store_logo_VintageWineMerchants@2x.png]
[www.santanarow.com/shop/ws_salon.html]
[www.santanarow.com/images/vendor/store_logo_WSalon@2x.png]
[www.santanarow.com/shop/warby-parker.html]
[www.santanarow.com/images/vendor/warby.png]
[www.santanarow.com/shop/z_gallerie.html]
[www.santanarow.com/images/vendor/store_logo_ZGallerie@2x.png]
[www.santanarow.com/shop.html]
[www.santanarow.com/images/made/images/heros/Dining_at_El_Jardin_240_160_000000opac- 75_s_c1.png]
[www.santanarow.com/images/made/images/heros/Dining_at_El_Jardin_768_512_000000opac- 75_s_c1.png]
[www.santanarow.com/images/made/images/heros/Dining_at_El_Jardin_1100_733_000000opac- 75_s_c1.png]
[www.santanarow.com/images/made/images/heros/Dining_at_El_Jardin_1600_1066_000000opac- 75_s_c1.png]
[www.santanarow.com/dine/amber_india.html]
[www.santanarow.com/images/vendor/store_logo_AmberIndia@2x.png]
[www.santanarow.com/dine/cielo-rooftop-bar.html]
[www.santanarow.com/images/vendor/Cielo_Logo.png]
[www.santanarow.com/dine/cocola.html]
[www.santanarow.com/images/vendor/store_logo_CocolaBakery@2x.png]
[www.santanarow.com/dine/consuelo_mexican_bistro.html]
[www.santanarow.com/images/vendor/store_logo_Consuelo@2x.png]
[www.santanarow.com/dine/the_counter.html]
[www.santanarow.com/images/vendor/store_logo_TheCounter@2x.png]
[www.santanarow.com/dine/el_jardin_tequila_bar_restaurant.html]
[www.santanarow.com/images/vendor/store_logo_ElJardin@2x.png]
[www.santanarow.com/dine/emc-seafood-raw-bar.html]
[www.santanarow.com/images/vendor/EMC_Logo.png]
[www.santanarow.com/dine/fogo-de-chao.html]
[www.santanarow.com/images/vendor/fogo_de_chao@sx.png]
[www.santanarow.com/dine/hello-kitty-cafe.html]
[www.santanarow.com/images/vendor/hello_kitty_cafe_logo.png]
[www.santanarow.com/dine/ikes-love-sandwiches.html]
[www.santanarow.com/images/vendor/Ikes_Logo.png]
[www.santanarow.com/dine/lb_steak.html]
[www.santanarow.com/images/vendor/store_logo_LBSteak@2x.png]
[www.santanarow.com/dine/left_bank_brasserie.html]
[www.santanarow.com/images/vendor/store_logo_LeftBank@2x.png]
[www.santanarow.com/dine/maggianos_little_italy.html]
[www.santanarow.com/images/vendor/store_logo_Maggianos@2x.png]
[www.santanarow.com/images/vendor/Mendo_.png]
[www.santanarow.com/dine/oveja-negra.html]
[www.santanarow.com/images/vendor/OV_TEXT.png]
[www.santanarow.com/dine/ozumo.html]
[www.santanarow.com/images/vendor/Ozumo_Web.png]
[www.santanarow.com/dine/pinkberry.html]
[www.santanarow.com/images/vendor/store_logo_Pinkberry@2x.png]
[www.santanarow.com/dine/pizza_antica.html]
[www.santanarow.com/images/vendor/PizzaAntica@2x-002.png]
[www.santanarow.com/dine/plutos.html]
[www.santanarow.com/images/vendor/store_logo_Plutos@2x.png]
[www.santanarow.com/images/vendor/PokeBarLogo.jpg]
[www.santanarow.com/dine/roots-rye.html]
[www.santanarow.com/images/vendor/RR@2x.png]
[www.santanarow.com/dine/rosie_mccanns_irish_pub_restaurant.html]
[www.santanarow.com/images/vendor/store_logo_RosieMcCannsIrishPub@2x.png]
[www.santanarow.com/dine/sino.html]
[www.santanarow.com/images/vendor/store_logo_Sino@2x.png]
[www.santanarow.com/dine/smitten-ice-cream.html]
[www.santanarow.com/images/vendor/SmittenWebLogo.png]
[www.santanarow.com/dine/straits_restaurant.html]
[www.santanarow.com/images/vendor/store_logo_Straits@2x.png]
[www.santanarow.com/dine/tacolicious.html]
[www.santanarow.com/images/vendor/taco-with-type_.jpg]
[www.santanarow.com/dine/terrace.html]
[www.santanarow.com/images/vendor/Terrace_Logo.png]
[www.santanarow.com/dine/vbar_hotel_valencia.html]
[www.santanarow.com/dine/the_veggie_grill.html]
[www.santanarow.com/images/vendor/store_logo_VeggieGrill@2x.png]
[www.santanarow.com/dine/village_california_bistro_wine_bar.html]
[www.santanarow.com/images/vendor/store_logo_VillageCaliforniaBistro@2x.png]
[www.santanarow.com/dine/vintage_wine_bar.html]
[www.santanarow.com/images/vendor/VintageWineBar@2x.png]
[www.santanarow.com/dine/yard_house.html]
[www.santanarow.com/images/vendor/store_logo_YardHouse@2x.png]
[www.santanarow.com/files/Dining_Guide_Spring_2018.pdf]
[www.santanarow.com/images/promos/sr_promo_genereic_bg_004.jpg]
[www.santanarow.com/events/happy-hour-at-santana-row.html]
[www.santanarow.com/images/promos/happy_hour_at_santana_row.jpg]
[www.santanarow.com/dine.html]
[www.santanarow.com/images/made/images/heros/Events_Hero_382_160_000000opac- 75_s_c1.jpg]
[www.santanarow.com/images/made/images/heros/Events_Hero_768_322_000000opac- 75_s_c1.jpg]
[www.santanarow.com/images/made/images/heros/Events_Hero_1100_461_000000opac- 75_s_c1.jpg]
[www.santanarow.com/images/made/images/heros/Events_Hero_1600_670_000000opac- 75_s_c1.jpg]
[www.santanarow.com/events/breakfast-and-brunch-at-santana-row.html]
[www.santanarow.com/events/summer-free-yoga-series.html]
[www.santanarow.com/events/mimi-tran-fashion-show.html]
[www.santanarow.com/events/le-marche-on-the-row2.html]
[www.santanarow.com/events/makers-market-in-the-park_august.html]
[www.santanarow.com/events/santana-row-farmers-market.html]
[www.santanarow.com/events/mommy-me-and-daddies-too8.html]
[www.santanarow.com/events/le-marche-santana-row-farmers-market5.html]
[www.santanarow.com/events/le-marche-on-the-row.html]
[www.santanarow.com/events/glass-pumpkin-festival-at-santana-row.html]
[www.santanarow.com/events/makers-market-in-the-park.html]
[www.santanarow.com/events/kidrageous-super-fun-run.html]
[www.santanarow.com/events/cars-croissants-series-aug.html]
[www.santanarow.com/events/mommy-me-free-kids-club-halloween-family-fun-fest.html]
[www.santanarow.com/events/makers-market-in-the-park_april.html]
[www.santanarow.com/events/honor-on-the-row-veterans-day-2018.html]
[www.santanarow.com/images/promos/sr_promo_genereic_bg_007.jpg]
[www.santanarow.com/images/promos/cine_arts.jpg]
[www.santanarow.com/images/promos/MM_PROMO.jpg]
[www.santanarow.com/events.html]
[www.santanarow.com/images/made/images/heros/sr-living-hero-3_239_160_000000opac- 75_s_c1.jpg]
[www.santanarow.com/images/made/images/heros/sr-living-hero-3_768_514_000000opac- 75_s_c1.jpg]
[www.santanarow.com/images/made/images/heros/sr-living-hero-3_1100_736_000000opac- 75_s_c1.jpg]
[www.santanarow.com/images/made/images/heros/sr-living-hero-3_1600_1071_000000opac- 75_s_c1.jpg]
[www.santanarow.com/images/promos/small-town.jpg]
[www.santanarow.com/images/promos/private-living.jpg]
[www.santanarow.com/live.html]
[www.santanarow.com/images/made/images/heros/Office_Hero_467_160_000000opac- 75_s_c1.jpg]
[www.santanarow.com/images/made/images/heros/Office_Hero_768_263_000000opac- 75_s_c1.jpg]
[www.santanarow.com/images/made/images/heros/Office_Hero_1100_377_000000opac- 75_s_c1.jpg]
[www.santanarow.com/images/made/images/heros/Office_Hero_1600_548_000000opac- 75_s_c1.jpg]
[www.santanarow.com/images/heros/leasing-promo-bg.jpg]
[www.santanarow.com/offices/altify.html]
[www.santanarow.com/images/vendor/Altify_Logo_Web.png]
[www.santanarow.com/offices/avalon-bay-communities.html]
[www.santanarow.com/images/vendor/AVB_OUT_RGB_PMS2882.jpg]
[www.santanarow.com/offices/broadsoft.html]
[www.santanarow.com/images/vendor/Broadsoft-logo_web.png]
[www.santanarow.com/offices/dtz.html]
[www.santanarow.com/images/vendor/CUSH.png]
[www.santanarow.com/offices/experian.html]
[www.santanarow.com/images/vendor/Experian_Logo_Web.png]
[www.santanarow.com/offices/federal-realty-investment-trust.html]
[www.santanarow.com/images/vendor/store_logo_FederalRealty@2x.png]
[www.santanarow.com/offices/newmark-knight-frank.html]
[www.santanarow.com/images/vendor/NKF_Sponsorship_black.png]
[www.santanarow.com/offices/satellite-healthcare.html]
[www.santanarow.com/images/vendor/store_logo_SatelliteHealthcare@2x.png]
[www.santanarow.com/offices/splunk.html]
[www.santanarow.com/images/vendor/logo_splunk.png]
[www.santanarow.com/offices/valley-inception.html]
[www.santanarow.com/offices.html]
[www.santanarow.com/images/heros/texting-min.png]
[www.santanarow.com/images/heros/looking-for-min.png]
[www.santanarow.com/images/promos/hotel_valencia_promo.jpg]
[www.santanarow.com/concierge/index.html]
[www.santanarow.com/files/Spring_2018_Handheld.pdf]
[www.santanarow.com/concierge/about/index.html]
[www.santanarow.com/concierge/careers.html]
[www.santanarow.com/concierge/gifts/index.html]
[www.santanarow.com/concierge.html]
[www.santanarow.com/concierge/blog/index.html]
[www.santanarow.com/concierge/leasing/index.html]
[www.santanarow.com/concierge/visit/index.html]
[www.santanarow.com/images/made/images/vendor/Soul_hero_480_150_s_c1.jpg]
[www.santanarow.com/images/made/images/vendor/Soul_hero_1600_450_s_c1.jpg]
[www.santanarow.com/concierge/careers/index.html]
[www.santanarow.com/shop/soul-cycle.html]
[www.santanarow.com/images/made/images/vendor/_R2A1266_copy_(002)_480_150_s_c1.jpg]
[s7.addthis.com/js/300/addthis_widget.js]
[www.santanarow.com/images/vendor/_R2A1266_copy_(002).jpg]
[www.santanarow.com/dine/mendocino-farms.html]
[www.santanarow.com/images/blog-files/Farmers_Market.jpg]
[www.santanarow.com/images/promos/Suitsupply.jpg]
[www.santanarow.com/images/promos/LIVE.jpg]
[www.santanarow.com/events/le-marche-santana-row-farmers-market6.html]
[www.santanarow.com/images/made/images/vendor/Aritiza_cover_480_150_s_c1.jpg]
[www.santanarow.com/images/made/images/vendor/Aritiza_cover_1600_450_s_c1.jpg]
[www.santanarow.com/shop/aritzia.html]
[www.santanarow.com/images/made/images/heros/gifts_cards_480_177_s.jpg]
[www.santanarow.com/images/made/images/heros/gifts_cards_768_283_s.jpg]
[www.santanarow.com/images/made/images/heros/gifts_cards_505_186_s.jpg]
[www.santanarow.com/images/made/images/heros/gifts_cards_800_295_s.jpg]
[www.santanarow.com/images/logos/giftcard.png]
[www.santanarow.com/images/made/images/heros/gifts_basket_480_174_s.jpg]
[www.santanarow.com/images/made/images/heros/gifts_basket_768_279_s.jpg]
[www.santanarow.com/images/made/images/heros/gifts_basket_505_184_s.jpg]
[www.santanarow.com/images/made/images/heros/gifts_basket_800_291_s.jpg]
[www.santanarow.com/files/Terms__Conditions.pdf]
[www.santanarow.com/files/Card_Holder_Agreement.pdf]
[www.santanarow.com/concierge/gifts.html]
[www.santanarow.com/concierge/hotel.html]
[www.santanarow.com/images/made/images/vendor/HotelVHero_480_150_s_c1.png]
[www.santanarow.com/images/made/images/vendor/HotelVHero_1600_450_s_c1.png]
[www.santanarow.com/concierge/hotel/index.html]
[www.santanarow.com/concierge/get_connected.html]
[www.santanarow.com/concierge/get_connected/index.html]
[www.santanarow.com/assets/brandon_bld-webfont.svg]
[www.santanarow.com/assets/brandon_blk-webfont.svg]
[www.santanarow.com/assets/radley-regular-webfont.svg]
[www.santanarow.com/assets/radley-italic-webfont.svg]
[www.santanarow.com/assets/f00e2b8d-55bd-4f31-b5ae-e6230f2c8481.svg]
[www.santanarow.com/assets/sr-iconsde72.svg]
[www.santanarow.com/images/made/images/vendor/store_hero_100_percent_pure_480_150_s_c1.jpg]
[www.santanarow.com/images/made/images/vendor/store_hero_100_percent_pure_1600_450_s_c1.jpg]
[www.santanarow.com/assets/djhannes-webfont.ttf]
[www.santanarow.com/shop/100_pure.html]
[www.santanarow.com/images/made/images/vendor/Aesop_Hero_1600_450_s_c1.jpg]
[www.santanarow.com/concierge/careers/retail-consultant1.html]
[www.santanarow.com/shop/aesop.html]
[www.santanarow.com/images/made/images/vendor/1000638_books_landing-page_hero_desktop_480_150_s_c1.jpg]
[www.santanarow.com/assets/djhannes-webfont.svg]
[www.santanarow.com/images/made/images/vendor/1000638_books_landing-page_hero_desktop_1600_450_s_c1.jpg]
[www.santanarow.com/shop/amazon-books.html]
[www.santanarow.com/images/made/images/vendor/store_hero_anthropologie_480_150_s_c1.jpg]
[www.santanarow.com/images/made/images/vendor/store_hero_anthropologie_1600_450_s_c1.jpg]
[www.santanarow.com/shop/anthropologie.html]
[www.santanarow.com/images/made/images/vendor/store_hero_atelier_studio_480_150_s_c1.jpg]
[www.santanarow.com/images/made/images/vendor/store_hero_atelier_studio_1600_450_s_c1.jpg]
[www.santanarow.com/shop/atelier_studio.html]
[www.santanarow.com/images/made/images/vendor/Baldwin_hero_480_150_s_c1.jpg]
[www.santanarow.com/images/made/images/vendor/Baldwin_hero_1600_450_s_c1.jpg]
[www.santanarow.com/shop/BALDWIN.html]
[www.santanarow.com/concierge/careers/sales-associates.html]
[www.santanarow.com/images/made/images/vendor/store_hero_bellarmine_salon_480_150_s_c1.jpg]
[www.santanarow.com/images/made/images/vendor/store_hero_bellarmine_salon_1600_450_s_c1.jpg]
[www.santanarow.com/shop/bellarmine_salon_barber.html]
[www.santanarow.com/images/made/images/vendor/bella_U_hero_480_150_s_c1.jpg]
[www.santanarow.com/images/made/images/vendor/bella_U_hero_1600_450_s_c1.jpg]
[www.santanarow.com/shop/bellau-spa-and-wellness.html]
[www.santanarow.com/images/made/images/vendor/store_hero_best_buy_480_150_s_c1.jpg]
[www.santanarow.com/images/made/images/vendor/store_hero_best_buy_1600_450_s_c1.jpg]
[www.santanarow.com/shop/best_buy.html]
[www.santanarow.com/images/made/images/vendor/BoFront_480_150_s_c1.jpg]
[www.santanarow.com/images/vendor/BoFront.jpg]
[www.santanarow.com/shop/boconcept.html]
[www.santanarow.com/images/made/images/vendor/Bonobos-Edit_480_150_s_c1.jpg]
[www.santanarow.com/images/made/images/vendor/Bonobos-Edit_1600_450_s_c1.jpg]
[www.santanarow.com/shop/www.bonobos.com]
[www.santanarow.com/concierge/careers/stylist-guide.html]
[www.santanarow.com/concierge/careers/lead-stylist-supervisor.html]
[www.santanarow.com/shop/bonobos.html]
[www.santanarow.com/images/made/images/vendor/Harajuku_480_150_s_c1.jpg]
[www.santanarow.com/images/made/images/vendor/Harajuku_1600_450_s_c1.jpg]
[www.santanarow.com/concierge/careers/part-time-sales-and-stylist.html]
[www.santanarow.com/shop/boutique_harajuku.html]
[www.santanarow.com/images/made/images/vendor/BurkeHero_480_150_s_c1.jpg]
[www.santanarow.com/images/made/images/vendor/BurkeHero_1600_450_s_c1.jpg]
[www.santanarow.com/shop/burke_williams.html]
[www.santanarow.com/images/made/images/vendor/store_hero_chicos_480_150_s_c1.jpg]
[www.santanarow.com/images/made/images/vendor/store_hero_chicos_1600_450_s_c1.jpg]
[www.santanarow.com/shop/chicos.html]
[www.santanarow.com/images/made/images/vendor/CineArts_cropped_480_150_s_c1.jpg]
[www.santanarow.com/images/vendor/CineArts_cropped.jpg]
[www.santanarow.com/shop/cine_arts.html]
[www.santanarow.com/images/made/images/vendor/store_hero_container_store_480_150_s_c1.jpg]
[www.santanarow.com/images/made/images/vendor/store_hero_container_store_1600_450_s_c1.jpg]
[www.santanarow.com/shop/the_container_store.html]
[www.santanarow.com/images/made/images/vendor/store_hero_crate_and_barrel_480_150_s_c1.jpg]
[www.santanarow.com/images/made/images/vendor/store_hero_crate_and_barrel_1600_450_s_c1.jpg]
[www.santanarow.com/shop/crate_and_barrel.html]
[www.santanarow.com/images/made/images/vendor/DJP_Hero_480_150_s_c1.jpg]
[www.santanarow.com/images/made/images/vendor/DJP_Hero_1600_450_s_c1.jpg]
[www.santanarow.com/shop/donald_j_pliner.html]
[www.santanarow.com/images/made/images/vendor/store_hero_drybar_480_150_s_c1.jpg]
[www.santanarow.com/images/made/images/vendor/store_hero_drybar_1600_450_s_c1.jpg]
[www.santanarow.com/shop/drybar.html]
[www.santanarow.com/images/made/images/vendor/Red_Hero_480_150_s_c1.jpg]
[www.santanarow.com/images/made/images/vendor/Red_Hero_1600_450_s_c1.jpg]
[www.santanarow.com/concierge/careers/sales-associate8.html]
[www.santanarow.com/shop/everything-but-water.html]
[www.santanarow.com/images/made/images/vendor/store_hero_fantasia_480_150_s_c1.jpg]
[www.santanarow.com/images/made/images/vendor/store_hero_fantasia_1600_450_s_c1.jpg]
[www.santanarow.com/dine/fantasia-tea-cafe.html]
[www.santanarow.com/images/made/images/vendor/fjallraven_cover_480_150_s_c1.jpg]
[www.santanarow.com/images/made/images/vendor/fjallraven_cover_1600_450_s_c1.jpg]
[www.santanarow.com/shop/fjallraven.html]
[www.santanarow.com/images/made/images/vendor/13667713_1175410562530922_3842150869546513663_o_480_150_s_c1.jpg]
[www.santanarow.com/images/made/images/vendor/13667713_1175410562530922_3842150869546513663_o_1600_450_s_c1.jpg]
[www.santanarow.com/shop/franco-uomo.html]
[www.santanarow.com/images/made/images/vendor/FreePeopleHERO_480_150_s_c1.jpg]
[www.santanarow.com/images/made/images/vendor/FreePeopleHERO_1600_450_s_c1.jpg]
[www.santanarow.com/shop/free_people.html]
[www.santanarow.com/images/made/images/vendor/store_hero_gucci_480_150_s_c1.jpg]
[www.santanarow.com/images/made/images/vendor/store_hero_gucci_1600_450_s_c1.jpg]
[www.santanarow.com/shop/gucci.html]
[www.santanarow.com/images/made/images/vendor/HM_Store_Web_480_150_s_c1.jpg]
[www.santanarow.com/images/made/images/vendor/HM_Store_Web_1600_450_s_c1.jpg]
[www.santanarow.com/shop/hm.html]
[www.santanarow.com/images/made/images/vendor/store_hero_kate_spade_480_150_s_c1.jpg]
[www.santanarow.com/images/made/images/vendor/store_hero_kate_spade_1600_450_s_c1.jpg]
[www.santanarow.com/shop/kate_spade_new_york.html]
[www.santanarow.com/images/made/images/vendor/Kendra_Hero_480_150_s_c1.jpg]
[www.santanarow.com/images/made/images/vendor/Kendra_Hero_1600_450_s_c1.jpg]
[www.santanarow.com/shop/kendra-scott.html]
[www.santanarow.com/images/made/images/vendor/store_hero_laser_away_480_150_s_c1.jpg]
[www.santanarow.com/images/made/images/vendor/store_hero_laser_away_1600_450_s_c1.jpg]
[www.santanarow.com/shop/laser_away.html]
[www.santanarow.com/images/made/images/vendor/store_hero_lavande_480_150_s_c1.jpg]
[www.santanarow.com/images/made/images/vendor/store_hero_lavande_1600_450_s_c1.jpg]
[www.santanarow.com/shop/lavande_nail_spa.html]
[www.santanarow.com/images/made/images/vendor/store_hero_loft_480_150_s_c1.jpg]
[www.santanarow.com/images/made/images/vendor/store_hero_loft_1600_450_s_c1.jpg]
[www.santanarow.com/concierge/careers/various-roles.html]
[www.santanarow.com/concierge/careers/part-time-sales-lead1.html]
[www.santanarow.com/shop/loft.html]
[www.santanarow.com/images/made/images/vendor/IMG_8801_480_150_s_c1.jpg]
[www.santanarow.com/images/made/images/vendor/IMG_8801_1600_450_s_c1.jpg]
[www.santanarow.com/shop/lou-grey.html]
[www.santanarow.com/images/made/images/vendor/lulu_open_480_150_s_c1.jpg]
[www.santanarow.com/images/made/images/vendor/lulu_open_1600_450_s_c1.jpg]
[www.santanarow.com/shop/lululemon_athletica.html]
[www.santanarow.com/images/made/images/vendor/store_hero_madewell_480_150_s_c1.jpg]
[www.santanarow.com/images/made/images/vendor/store_hero_madewell_1600_450_s_c1.jpg]
[www.santanarow.com/shop/madewell.html]
[www.santanarow.com/images/made/images/vendor/store_hero_maido_480_150_s_c1.jpg]
[www.santanarow.com/images/made/images/vendor/store_hero_maido_1600_450_s_c1.jpg]
[www.santanarow.com/shop/maido.html]
[www.santanarow.com/images/made/images/vendor/Makers_Hero_480_150_s_c1.jpg]
[www.santanarow.com/images/made/images/vendor/Makers_Hero_1600_450_s_c1.jpg]
[www.santanarow.com/shop/makers-market.html]
[www.santanarow.com/images/made/images/vendor/MarineLayer_Web_480_150_s_c1.jpg]
[www.santanarow.com/images/made/images/vendor/MarineLayer_Web_1600_450_s_c1.jpg]
[www.santanarow.com/shop/marine-layer.html]
[www.santanarow.com/images/made/images/vendor/Boulevard_Image_480_150_s_c1.jpg]
[www.santanarow.com/images/made/images/vendor/Boulevard_Image_1600_450_s_c1.jpg]
[www.santanarow.com/concierge/careers/part-time-bridal-stylist-sales-sssociate.html]
[www.santanarow.com/shop/mimi-tran.html]
[www.santanarow.com/shop/native-shoes.html]
[www.santanarow.com/images/made/images/vendor/netgear_cover_480_150_s_c1.jpg]
[www.santanarow.com/images/made/images/vendor/netgear_cover_1600_450_s_c1.jpg]
[www.santanarow.com/shop/netgear.html]
[www.santanarow.com/images/made/images/vendor/store_hero_oakley_480_150_s_c1.jpg]
[www.santanarow.com/images/made/images/vendor/store_hero_oakley_1600_450_s_c1.jpg]
[www.santanarow.com/shop/oakley.html]
[www.santanarow.com/images/made/images/vendor/store_hero_optical_illusions_480_150_s_c1.jpg]
[www.santanarow.com/images/made/images/vendor/store_hero_optical_illusions_1600_450_s_c1.jpg]
[www.santanarow.com/concierge/careers/optician-optometric-assistant.html]
[www.santanarow.com/shop/optical_illusions.html]
[www.santanarow.com/images/made/images/vendor/store_hero_paper_source_480_150_s_c1.jpg]
[www.santanarow.com/images/made/images/vendor/store_hero_paper_source_1600_450_s_c1.jpg]
[www.santanarow.com/shop/paper_source.html]
[www.santanarow.com/images/made/images/vendor/store_hero_peets_480_150_s_c1.jpg]
[www.santanarow.com/images/made/images/vendor/store_hero_peets_1600_450_s_c1.jpg]
[www.santanarow.com/dine/peets_coffee_tea.html]
[www.santanarow.com/images/made/images/vendor/store_hero_penelope_480_150_s_c1.jpg]
[www.santanarow.com/images/made/images/vendor/store_hero_penelope_1600_450_s_c1.jpg]
[www.santanarow.com/shop/penelope_boutique.html]
[www.santanarow.com/images/made/images/vendor/PressedCover_480_150_s_c1.jpg]
[www.santanarow.com/images/made/images/vendor/PressedCover_1600_450_s_c1.jpg]
[www.santanarow.com/dine/pressed_juicery.html]
[www.santanarow.com/images/made/images/vendor/StoreFront_ScotchandSoda_480_150_s_c1.jpg]
[www.santanarow.com/images/made/images/vendor/StoreFront_ScotchandSoda_1600_450_s_c1.jpg]
[www.santanarow.com/concierge/careers/part-time-stylist.html]
[www.santanarow.com/shop/scotch-soda.html]
[www.santanarow.com/images/made/images/vendor/Sephora_Hero_480_150_s_c1.jpg]
[www.santanarow.com/images/made/images/vendor/Sephora_Hero_1600_450_s_c1.jpg]
[www.santanarow.com/shop/sephora.html]
[www.santanarow.com/images/made/images/vendor/7246_480_150_s_c1.jpg]
[www.santanarow.com/images/made/images/vendor/7246_1600_450_s_c1.jpg]
[www.santanarow.com/shop/sleep.html]
[www.santanarow.com/images/made/images/vendor/Spence_Web_480_150_s_c1.jpg]
[www.santanarow.com/images/made/images/vendor/Spence_Web_1600_450_s_c1.jpg]
[www.santanarow.com/shop/spence-diamonds.html]
[www.santanarow.com/images/made/images/vendor/store_hero_starbucks_480_150_s_c1.jpg]
[www.santanarow.com/images/made/images/vendor/store_hero_starbucks_1600_450_s_c1.jpg]
[www.santanarow.com/dine/starbucks.html]
[www.santanarow.com/images/made/images/vendor/SR__The_Point_horizontal_image1_480_150_s_c1.jpg]
[www.santanarow.com/images/made/images/vendor/SR__The_Point_horizontal_image1_1600_450_s_c1.jpg]
[www.santanarow.com/shop/sugarfina.html]
[www.santanarow.com/images/made/images/vendor/suit_promo_480_150_s_c1.jpg]
[www.santanarow.com/images/made/images/vendor/suit_promo_1600_450_s_c1.jpg]
[www.santanarow.com/shop/suit-supply.html]
[www.santanarow.com/images/made/images/vendor/Sunglasshut_edited-1_480_150_s_c1.jpg]
[www.santanarow.com/images/vendor/Sunglasshut_edited-1.jpg]
[www.santanarow.com/shop/sunglass-hut.html]
[www.santanarow.com/images/made/images/vendor/SurLaTableHero_480_150_s_c1.png]
[www.santanarow.com/images/made/images/vendor/SurLaTableHero_1600_450_s_c1.png]
[www.santanarow.com/shop/sur_la_table.html]
[www.santanarow.com/images/made/images/vendor/Tea_collection_cover_480_150_s_c1.jpg]
[www.santanarow.com/images/made/images/vendor/Tea_collection_cover_1600_450_s_c1.jpg]
[www.santanarow.com/concierge/careers/store-managerTC.html]
[www.santanarow.com/concierge/careers/sales-associateTC.html]
[www.santanarow.com/shop/tea-collection.html]
[www.santanarow.com/images/made/images/vendor/store_hero_ted_baker_480_150_s_c1.jpg]
[www.santanarow.com/images/made/images/vendor/store_hero_ted_baker_1600_450_s_c1.jpg]
[www.santanarow.com/concierge/careers/full-time-sales-associate.html]
[www.santanarow.com/shop/ted_baker.html]
[www.santanarow.com/images/made/images/vendor/Tesla_Hero_480_150_s_c1.jpg]
[www.santanarow.com/images/made/images/vendor/Tesla_Hero_1600_450_s_c1.jpg]
[www.santanarow.com/shop/tesla_motors.html]
[www.santanarow.com/images/made/images/vendor/store_hero_tommy_bahama_480_150_s_c1.jpg]
[www.santanarow.com/images/made/images/vendor/store_hero_tommy_bahama_1600_450_s_c1.jpg]
[www.santanarow.com/shop/tommy_bahama.html]
[www.santanarow.com/images/made/images/vendor/store_hero_tranquility_dental_480_150_s_c1.jpg]
[www.santanarow.com/images/made/images/vendor/store_hero_tranquility_dental_1600_450_s_c1.jpg]
[www.santanarow.com/shop/tranquility_dental_group.html]
[www.santanarow.com/images/made/images/vendor/Retail_RosarioVoyageur_1600x450_V2_480_150_s_c1.jpg]
[www.santanarow.com/images/vendor/Retail_RosarioVoyageur_1600x450_V2.jpg]
[www.santanarow.com/shop/tumi.html]
[www.santanarow.com/images/made/images/vendor/WebLogoUSBank_480_150_s_c1.jpg]
[www.santanarow.com/images/made/images/vendor/WebLogoUSBank_1600_450_s_c1.jpg]
[www.santanarow.com/shop/us-bank.html]
[www.santanarow.com/images/made/images/vendor/store_hero_urban_outfitters_480_150_s_c1.jpg]
[www.santanarow.com/images/made/images/vendor/store_hero_urban_outfitters_1600_450_s_c1.jpg]
[www.santanarow.com/shop/urban_outfitters.html]
[www.santanarow.com/images/made/images/vendor/store_hero_vintage_wine_merchants_480_150_s_c1.jpg]
[www.santanarow.com/images/made/images/vendor/store_hero_vintage_wine_merchants_1600_450_s_c1.jpg]
[www.santanarow.com/shop/vintage_wine_merchants.html]
[www.santanarow.com/images/made/images/vendor/store_hero_w_salon_480_150_s_c1.jpg]
[www.santanarow.com/images/made/images/vendor/store_hero_w_salon_1600_450_s_c1.jpg]
[www.santanarow.com/shop/ws_salon.html]
[www.santanarow.com/images/made/images/vendor/WarbyFront_480_150_s_c1.jpg]
[www.santanarow.com/images/made/images/vendor/WarbyFront_1600_450_s_c1.jpg]
[www.santanarow.com/shop/warby-parker.html]
[www.santanarow.com/images/made/images/vendor/store_hero_zgallerie_480_150_s_c1.jpg]
[www.santanarow.com/images/made/images/vendor/store_hero_zgallerie_1600_450_s_c1.jpg]
[www.santanarow.com/shop/z_gallerie.html]
[www.santanarow.com/images/made/images/vendor/AmberIndia_Hero_480_150_s_c1.jpg]
[www.santanarow.com/images/made/images/vendor/AmberIndia_Hero_1600_450_s_c1.jpg]
[www.santanarow.com/dine/amber_india.html]
[www.santanarow.com/images/made/images/vendor/store_hero_cielo_480_150_s_c1.jpg]
[www.santanarow.com/images/made/images/vendor/store_hero_cielo_1600_450_s_c1.jpg]
[www.santanarow.com/dine/cielo-rooftop-bar.html]
[www.santanarow.com/images/made/images/vendor/Cocola_Hero_480_150_s_c1.jpg]
[www.santanarow.com/images/made/images/vendor/Cocola_Hero_1600_450_s_c1.jpg]
[www.santanarow.com/dine/cocola.html]
[www.santanarow.com/images/made/images/vendor/Consuelos_Hero_480_150_s_c1.jpg]
[www.santanarow.com/images/made/images/vendor/Consuelos_Hero_1600_450_s_c1.jpg]
[www.santanarow.com/files/consuelo_weekly_specials.pdf]
[www.santanarow.com/dine/consuelo_mexican_bistro.html]
[www.santanarow.com/images/made/images/vendor/store_hero_counter_480_150_s_c1.jpg]
[www.santanarow.com/images/made/images/vendor/store_hero_counter_1600_450_s_c1.jpg]
[www.santanarow.com/dine/the_counter.html]
[www.santanarow.com/images/made/images/vendor/El_Jardin_Hero_480_150_s_c1.png]
[www.santanarow.com/images/made/images/vendor/El_Jardin_Hero_1600_450_s_c1.png]
[www.santanarow.com/dine/el_jardin_tequila_bar_restaurant.html]
[www.santanarow.com/images/made/images/vendor/EMC_Header_480_150_s_c1.jpg]
[www.santanarow.com/images/made/images/vendor/EMC_Header_1600_450_s_c1.jpg]
[www.santanarow.com/dine/emc-seafood-raw-bar.html]
[www.santanarow.com/images/made/images/vendor/StoreFront_FogoDeChao_480_150_s_c1.jpg]
[www.santanarow.com/images/made/images/vendor/StoreFront_FogoDeChao_1600_450_s_c1.jpg]
[www.santanarow.com/dine/fogo-de-chao.html]
[www.santanarow.com/images/made/images/vendor/hello-kitty-cafe-website-2017-home-H-A1-notext_480_150_s_c1.jpg]
[www.santanarow.com/images/made/images/vendor/hello-kitty-cafe-website-2017-home-H-A1-notext_1600_450_s_c1.jpg]
[www.santanarow.com/dine/hello-kitty-cafe.html]
[www.santanarow.com/images/made/images/vendor/ikes_hero_480_150_s_c1.jpg]
[www.santanarow.com/images/made/images/vendor/ikes_hero_1600_450_s_c1.jpg]
[www.santanarow.com/dine/ikes-love-sandwiches.html]
[www.santanarow.com/images/made/images/vendor/LB_Steak_Hero16_480_150_s_c1.jpg]
[www.santanarow.com/images/made/images/vendor/LB_Steak_Hero16_1600_450_s_c1.jpg]
[www.santanarow.com/dine/lb_steak.html]
[www.santanarow.com/images/made/images/vendor/Left_Bank_Inside_480_150_s_c1.png]
[www.santanarow.com/images/made/images/vendor/Left_Bank_Inside_1600_450_s_c1.png]
[www.santanarow.com/dine/left_bank_brasserie.html]
[www.santanarow.com/images/made/images/vendor/store_hero_maggianos_480_150_s_c1.jpg]
[www.santanarow.com/images/made/images/vendor/store_hero_maggianos_1600_450_s_c1.jpg]
[www.santanarow.com/dine/maggianos_little_italy.html]
[www.santanarow.com/images/made/images/vendor/O_Negra_Hero_480_150_s_c1.jpg]
[www.santanarow.com/images/made/images/vendor/O_Negra_Hero_1600_450_s_c1.jpg]
[www.santanarow.com/dine/oveja-negra.html]
[www.santanarow.com/images/made/images/vendor/Ozumo_Hero_480_150_s_c1.jpg]
[www.santanarow.com/images/made/images/vendor/Ozumo_Hero_1600_450_s_c1.jpg]
[www.santanarow.com/dine/ozumo.html]
[www.santanarow.com/images/made/images/vendor/pinkberryHero_480_150_s_c1.jpg]
[www.santanarow.com/images/made/images/vendor/pinkberryHero_1600_450_s_c1.jpg]
[www.santanarow.com/dine/pinkberry.html]
[www.santanarow.com/images/made/images/vendor/Pizza_Hero_480_150_s_c1.jpg]
[www.santanarow.com/images/made/images/vendor/Pizza_Hero_1600_450_s_c1.jpg]
[www.santanarow.com/dine/pizza_antica.html]
[www.santanarow.com/images/made/images/vendor/store_hero_plutos_480_150_s_c1.jpg]
[www.santanarow.com/images/made/images/vendor/store_hero_plutos_1600_450_s_c1.jpg]
[www.santanarow.com/dine/plutos.html]
[www.santanarow.com/images/made/images/vendor/RootsRye_480_150_s_c1.jpg]
[www.santanarow.com/images/made/images/vendor/RootsRye_1600_450_s_c1.jpg]
[www.santanarow.com/dine/roots-rye.html]
[www.santanarow.com/dine/poke-bar]
[www.santanarow.com/images/made/images/vendor/store_hero_rosie_mccanns_1600_450_s_c1_480_150_s_c1.jpg]
[www.santanarow.com/images/vendor/store_hero_rosie_mccanns_1600_450_s_c1.jpg]
[www.santanarow.com/dine/rosie_mccanns_irish_pub_restaurant.html]
[www.santanarow.com/images/made/images/vendor/SinoHero_480_150_s_c1.jpg]
[www.santanarow.com/images/made/images/vendor/SinoHero_1600_450_s_c1.jpg]
[www.santanarow.com/dine/sino.html]
[www.santanarow.com/images/made/images/vendor/Smitten_Hero_Image_480_150_s_c1.jpg]
[www.santanarow.com/images/made/images/vendor/Smitten_Hero_Image_1600_450_s_c1.jpg]
[www.santanarow.com/dine/smitten-ice-cream.html]
[www.santanarow.com/images/made/images/vendor/Santana_Row_fELyC-L_480_150_s_c1.jpg]
[www.santanarow.com/images/made/images/vendor/Santana_Row_fELyC-L_1600_450_s_c1.jpg]
[www.santanarow.com/dine/straits_restaurant.html]
[www.santanarow.com/images/made/images/vendor/Tacolicious_Hero_480_150_s_c1.jpg]
[www.santanarow.com/images/made/images/vendor/Tacolicious_Hero_1600_450_s_c1.jpg]
[www.santanarow.com/dine/tacolicious.html]
[www.santanarow.com/images/made/images/vendor/MhWHPuFWu5UYhimfoziBM7PNGyDxI87y4hxBhU3grUg_480_150_s_c1.jpg]
[www.santanarow.com/images/made/images/vendor/MhWHPuFWu5UYhimfoziBM7PNGyDxI87y4hxBhU3grUg_1600_450_s_c1.jpg]
[www.santanarow.com/dine/terrace.html]
[www.santanarow.com/images/made/images/vendor/store_hero_vbar_480_150_s_c1.jpg]
[www.santanarow.com/images/made/images/vendor/store_hero_vbar_1600_450_s_c1.jpg]
[www.santanarow.com/dine/vbar_hotel_valencia.html]
[www.santanarow.com/images/made/images/vendor/store_hero_veggie_grill_480_150_s_c1.jpg]
[www.santanarow.com/images/made/images/vendor/store_hero_veggie_grill_1600_450_s_c1.jpg]
[www.santanarow.com/dine/the_veggie_grill.html]
[www.santanarow.com/images/made/images/vendor/VillageWeb_480_150_s_c1.jpg]
[www.santanarow.com/images/made/images/vendor/VillageWeb_1600_450_s_c1.jpg]
[www.santanarow.com/dine/village_california_bistro_wine_bar.html]
[www.santanarow.com/images/made/images/vendor/VWineBarHERO_480_150_s_c1.png]
[www.santanarow.com/images/made/images/vendor/VWineBarHERO_1600_450_s_c1.png]
[www.santanarow.com/dine/vintage_wine_bar.html]
[www.santanarow.com/images/made/images/vendor/Yardhuse_Hero_480_150_s_c1.jpg]
[www.santanarow.com/images/made/images/vendor/Yardhuse_Hero_1600_450_s_c1.jpg]
[www.santanarow.com/dine/yard_house.html]
[www.santanarow.com/files/EMC_Santana_Row_Happy_Hour_2.6.18.pdf]
[www.santanarow.com/files/LBSR_HH_for_Website_02.12.18_PDF.pdf]
[www.santanarow.com/files/Steak_SR_HH_for_Website_08.11.17_PDF.pdf]
[www.santanarow.com/images/blog-files/Vbar_HH_2016.jpg]
[www.santanarow.com/files/Vbar_Menu_2016.pdf]
[www.santanarow.com/images/promos/new_to_santana_row.jpg]
[www.santanarow.com/images/promos/Retail_Happy_Hour.jpg]
[www.santanarow.com/images/promos/Le_Marche_2.jpg]
[www.santanarow.com/events/happy-hour-at-santana-row.html]
[www.santanarow.com/files/Consuelo_Mexican_Bistro_Brunch.pdf]
[www.santanarow.com/files/LBSR_WEEKEND_BRUNCH_SPRING_2018_04.27.18_PDF.pdf]
[www.santanarow.com/files/Steak_SR_Brunch_for_Website_08.14.17_PDF.pdf]
[www.santanarow.com/files/village_brunch.pdf]
[www.santanarow.com/images/blog-files/BreakfastFlier.jpg]
[www.santanarow.com/images/promos/Pumpkin_Festival_Web.jpg]
[www.santanarow.com/events/breakfast-and-brunch-at-santana-row.html]
[www.santanarow.com/images/blog-files/Yoga-48.jpg]
[www.santanarow.com/images/promos/Veterans_Day_Promo.jpg]
[www.santanarow.com/events/summer-free-yoga-series.html]
[www.santanarow.com/images/blog-files/MimiTran_FashionShow.png]
[www.santanarow.com/images/promos/sr_promo_genereic_bg_005.jpg]
[www.santanarow.com/events/mimi-tran-fashion-show.html]
[www.santanarow.com/images/blog-files/Market.jpg]
[www.santanarow.com/events/le-marche-on-the-row2.html]
[www.santanarow.com/images/blog-files/MakersMarketEvent.jpg]
[www.santanarow.com/images/promos/MakersMarketWeb.gif]
[www.santanarow.com/events/makers-market-in-the-park_august.html]
[www.santanarow.com/events/santana-row-farmers-market.html]
[www.santanarow.com/images/blog-files/2017_MM.jpg]
[www.santanarow.com/events/mommy-me-and-daddies-too8.html]
[www.santanarow.com/images/promos/sr_promo_genereic_bg_028.jpg]
[www.santanarow.com/events/le-marche-santana-row-farmers-market5.html]
[www.santanarow.com/events/le-marche-on-the-row.html]
[www.santanarow.com/images/blog-files/bagi-pumpkins_on_wall-2015_1.jpg]
[www.santanarow.com/events/glass-pumpkin-festival-at-santana-row.html]
[www.santanarow.com/images/promos/breakfast_and_brunch.jpg]
[www.santanarow.com/images/promos/become_a_fan_on_facebook.jpg]
[www.santanarow.com/events/makers-market-in-the-park.html]
[www.santanarow.com/events/kidrageous-super-fun-run.html]
[www.santanarow.com/images/promos/Image_045.jpg]
[www.santanarow.com/events/cars-croissants-series-aug.html]
[www.santanarow.com/images/promos/Halloween_Cube_Image.jpg]
[www.santanarow.com/events/mommy-me-free-kids-club-halloween-family-fun-fest.html]
[www.santanarow.com/events/makers-market-in-the-park_april.html]
[www.santanarow.com/images/blog-files/NIK_3164.jpg]
[www.santanarow.com/events/honor-on-the-row-veterans-day-2018.html]
[www.santanarow.com/offices/altify.html]
[www.santanarow.com/offices/avalon-bay-communities.html]
[www.santanarow.com/images/promos/close-to-everything.jpg]
[www.santanarow.com/images/made/images/vendor/PV_Hero_Image_480_150_s_c1.jpg]
[www.santanarow.com/images/made/images/vendor/PV_Hero_Image_1600_450_s_c1.jpg]
[www.santanarow.com/offices/broadsoft.html]
[www.santanarow.com/images/made/images/vendor/300_Hero_Image_480_150_s_c1.jpg]
[www.santanarow.com/images/made/images/vendor/300_Hero_Image_1600_450_s_c1.jpg]
[www.santanarow.com/offices/dtz.261.delayed]
[www.santanarow.com/offices/dtz.html]
[www.santanarow.com/images/made/images/vendor/Experian_Cover_Photo_480_150_s_c1.jpg]
[www.santanarow.com/images/made/images/vendor/Experian_Cover_Photo_1600_450_s_c1.jpg]
[www.santanarow.com/offices/experian.html]
[www.santanarow.com/images/made/images/vendor/FRIT_WEB_480_150_s_c1.png]
[www.santanarow.com/images/made/images/vendor/FRIT_WEB_1600_450_s_c1.png]
[www.santanarow.com/offices/federal-realty-investment-trust.html]
[www.santanarow.com/images/made/images/vendor/Park-Valencia-Aerial-View_480_150_s_c1.jpg]
[www.santanarow.com/images/made/images/vendor/Park-Valencia-Aerial-View_1600_450_s_c1.jpg]
[www.santanarow.com/offices/newmark-knight-frank.html]
[www.santanarow.com/images/made/images/vendor/300SANTANAROW_3_480_150_s_c1.png]
[www.santanarow.com/images/made/images/vendor/300SANTANAROW_3_1600_450_s_c1.png]
[www.santanarow.com/offices/satellite-healthcare.html]
[www.santanarow.com/images/made/images/vendor/Splunk_Hero_480_150_s_c1.jpg]
[www.santanarow.com/images/made/images/vendor/Splunk_Hero_1600_450_s_c1.jpg]
[www.santanarow.com/offices/splunk.html]
[www.santanarow.com/images/made/images/vendor/300SANTANAROW_BLD1_480_150_s_c1.png]
[www.santanarow.com/images/made/images/vendor/300SANTANAROW_BLD1_1600_450_s_c1.png]
[www.santanarow.com/offices/valley-inception.html]
[www.santanarow.com/concierge/index.html]
[www.santanarow.com/concierge/about.html]
[www.santanarow.com/images/uploads/Website.jpg]
[www.santanarow.com/files/Review__San_Joses_EMC_Seafood_Raw_Bar_is_near-perfect.pdf]
[www.santanarow.com/files/Federal_Realty_Investment_Trust_will_break_ground_on_last_piece_of_Santana_Row_shopping_center_project-_SV_Business_Journal.pdf]
[www.santanarow.com/images/blog-files/WWD_April_2016_SR.jpg]
[www.santanarow.com/files/151203_SantanaRowWarbyParker.pdf]
[www.santanarow.com/concierge/about/index.html]
[www.santanarow.com/concierge/gifts/index.html]
[www.santanarow.com/concierge/blog.html]
[www.santanarow.com/images/blog-files/Santana-Row25.jpg]
[www.santanarow.com/concierge/blog/the-perfect-weekend-getaway.html]
[www.santanarow.com/images/blog-files/img_0906-768x1024.jpg]
[www.santanarow.com/concierge/blog/self-indulge-on-mothers-day-at-santana-row.html]
[www.santanarow.com/images/blog-files/sugarfina.jpg]
[www.santanarow.com/concierge/blog/mothers-day-gift-guide-by-bay-area-fashionista.html]
[www.santanarow.com/images/blog-files/71594FCE-4D0E-4ED7-B879-379760985326-800x791.jpg]
[www.santanarow.com/concierge/blog/5-spring-trends-where-to-find-them-by-beyond-casual-b.html]
[www.santanarow.com/images/blog-files/Sugarfina_Vday2018.jpg]
[www.santanarow.com/concierge/blog/bay-area-fashionistas-santana-row-valentines-day-gift-guide-2018.html]
[www.santanarow.com/images/blog-files/holiday-shopping-3-1.jpg]
[www.santanarow.com/concierge/blog/santa-baby-by-wtfab.html]
[www.santanarow.com/images/blog-files/Pink_on_The_Cheek.jpg]
[www.santanarow.com/concierge/blog/holiday-shopping-by-pink-on-the-cheek.html]
[www.santanarow.com/images/blog-files/Gift_Guide.jpg]
[www.santanarow.com/concierge/blog/holiday-gift-guide-2017-by-bay-area-fashionista.html]
[www.santanarow.com/images/blog-files/IMG_4828.jpg]
[www.santanarow.com/concierge/blog/fall-florals-by-living-in-vogue.html]
[www.santanarow.com/images/blog-files/BBB_Sephora.jpg]
[www.santanarow.com/concierge/blog/beauty-and-bubbles-event-at-santana-row.html]
[www.santanarow.com/images/blog-files/Fall_Blog17.jpg]
[www.santanarow.com/concierge/blog/fall-2017-style-at-santana-row.html]
[www.santanarow.com/images/blog-files/Have_Need_Want.jpg]
[www.santanarow.com/concierge/blog/back-to-school-shopping-for-teachers-moms-and-kids.html]
[www.santanarow.com/images/blog-files/SR-Fathers-Day-2017-DJP--1024x5781.png]
[www.santanarow.com/concierge/blog/last-minute-fathers-day-gifts-from-santana-row-shops.html]
[www.santanarow.com/images/blog-files/GG.jpg]
[www.santanarow.com/concierge/blog/fathers-day-gift-guide-to-santana-row1.html]
[www.santanarow.com/images/blog-files/Ashley-9-683x1024.jpg]
[www.santanarow.com/concierge/blog/hotel-valencia-santana-row-staycation.html]
[www.santanarow.com/images/blog-files/K1_17.jpg]
[www.santanarow.com/concierge/blog/mothers-day-gift-guide-with-santana-row.html]
[www.santanarow.com/images/blog-files/BAF.jpg]
[www.santanarow.com/concierge/blog/bay-area-fashionista-mothers-day-gift-guide.html]
[www.santanarow.com/images/blog-files/SantanaRow-Living-Apartments.jpg]
[www.santanarow.com/concierge/blog/santana-row-a-taste-of-europe-in-san-jose.html]
[www.santanarow.com/images/blog-files/IMG_4823_(1).jpg]
[www.santanarow.com/concierge/blog/give-a-little-love-for-valentines-day-from-santana-row.html]
[www.santanarow.com/images/blog-files/Santana-Row-header.jpg]
[www.santanarow.com/concierge/blog/shop-local-gift-guide-santana-row.html]
[www.santanarow.com/images/blog-files/A1.jpg]
[www.santanarow.com/concierge/blog/aeesop-in-santana-row-by-spiffykerms.html]
[www.santanarow.com/images/blog-files/kate.jpg]
[www.santanarow.com/concierge/blog/fashion-forward-2016.html]
[www.santanarow.com/images/blog-files/Fall_Style_Guide_2016.jpg]
[www.santanarow.com/concierge/blog/living-in-vogue-2016-fall-style-shopping-guide.html]
[www.santanarow.com/images/blog-files/Header-Santana-Row.jpg]
[www.santanarow.com/concierge/blog/how-to-wear-white-into-fall.html]
[www.santanarow.com/images/blog-files/Marja_headshot.jpg]
[www.santanarow.com/concierge/blog/makers-market-meet-the-artist-marja-germans.html]
[www.santanarow.com/images/blog-files/img_3104.jpg]
[www.santanarow.com/concierge/blog/unique-gifts-for-fathers-day-from-santana-row-that-all-dads-would-love-sant.html]
[www.santanarow.com/images/blog-files/FDB.png]
[www.santanarow.com/concierge/blog/fathers-day-shopping-by-pink-on-the-cheek.html]
[www.santanarow.com/images/blog-files/brooks-brothers.jpg]
[www.santanarow.com/concierge/blog/fathers-day-gift-guide-to-santana-row.html]
[www.santanarow.com/images/blog-files/PicMonkey_Collagex2.jpg]
[www.santanarow.com/concierge/blog/living-in-vogue-mothers-day-gift-guide.html]
[www.santanarow.com/images/blog-files/BCBG_Blog.jpg]
[www.santanarow.com/concierge/blog/spoil-her-at-santana-row-for-mothers-day.html]
[www.santanarow.com/images/blog-files/Spring-Trends-Sneak-Peak-at-Santana-Row.png]
[www.santanarow.com/concierge/blog/spring-trends-sneak-peak-at-santana-row.html]
[www.santanarow.com/images/blog-files/Spiffy.jpg]
[www.santanarow.com/concierge/blog/mothers-day-gift-guide-by-spiffykerms.html]
[www.santanarow.com/images/blog-files/IMG_8504_(1024x812).jpg]
[www.santanarow.com/concierge/blog/shopping-sipping-our-way-through-santana-row-as-we-prep-for-valentines.html]
[www.santanarow.com/images/blog-files/Photo-Jan-26-11-07-39-AM-e1454397669424.jpg]
[www.santanarow.com/concierge/blog/stunning-valentines-day-gifts-from-santana-row-by-the-stunning-post.html]
[www.santanarow.com/images/blog-files/sugar.jpg]
[www.santanarow.com/concierge/blog/valentines-day-gift-guide-to-santana-row.html]
[www.santanarow.com/images/blog-files/_71A8369.jpg]
[www.santanarow.com/concierge/blog/dots-by-living-in-vogue.html]
[www.santanarow.com/images/blog-files/CornBeef.jpg]
[www.santanarow.com/concierge/blog/2016-is-here.html]
[www.santanarow.com/images/blog-files/roots_and_rye_lounge_people.jpg]
[www.santanarow.com/concierge/blog/roots-and-rye-is-here.html]
[www.santanarow.com/images/blog-files/SS.jpg]
[www.santanarow.com/concierge/blog/all-fall-everything.html]
[www.santanarow.com/images/blog-files/The_Row.jpg]
[www.santanarow.com/concierge/blog/the-bay-club-blog-local-finds-santana-row.html]
[www.santanarow.com/concierge/blog/P40.html]
[www.santanarow.com/images/promos/Tacolicious_Food_Promo.jpg]
[www.santanarow.com/concierge/blog/index.html]
[www.santanarow.com/concierge/leasing.html]
[www.santanarow.com/images/made/images/heros/SR_Office_Web_480_320_000000opac- 75_s.jpg]
[www.santanarow.com/images/made/images/heros/SR_Office_Web_768_512_000000opac- 75_s.jpg]
[www.santanarow.com/images/made/images/heros/SR_Office_Web_864_576_000000opac- 75_s.jpg]
[www.santanarow.com/images/made/images/blog-files/Sephora_Leasing_edited-1_480_480_000000opac- 75_s.jpg]
[www.santanarow.com/images/made/images/blog-files/Sephora_Leasing_edited-1_768_768_000000opac- 75_s.jpg]
[www.santanarow.com/images/made/images/blog-files/Sephora_Leasing_edited-1_600_600_000000opac- 75_s.jpg]
[www.santanarow.com/files/2018_Leasing_SR.pdf]
[www.santanarow.com/images/made/images/heros/partners_001_480_391_000000opac- 75_s.jpg]
[www.santanarow.com/images/made/images/heros/partners_001_768_625_000000opac- 75_s.jpg]
[www.santanarow.com/files/Partnership_Brochure_2013.pdf]
[www.santanarow.com/concierge/leasing/index.html]
[www.santanarow.com/concierge/visit.html]
[www.santanarow.com/files/FRS-1646_SR_Parking_Map_Update.pdf]
[www.santanarow.com/files/Pet_Friendly_2018.pdf]
[www.santanarow.com/concierge/visit/index.html]
[www.santanarow.com/concierge/careers/part-time-advisor.html]
[www.santanarow.com/concierge/careers/native-store-associate.html]
[www.santanarow.com/concierge/careers/index.html]
[www.santanarow.com/images/promos/YOGA_PROMO_FINAL.jpg]
[www.santanarow.com/concierge/careers.html]
[www.santanarow.com/concierge/hotel.html]
[www.santanarow.com/concierge/get_connected.html]
[www.santanarow.com/assets/djhannes-webfont.svg]
[www.santanarow.com/images/made/images/vendor/Aesop_Hero_480_150_s_c1.jpg]
[www.santanarow.com/images/promos/SR_AmazonBook.jpg]
[www.santanarow.com/concierge/careers/retail-consultant1.html]
[www.santanarow.com/concierge/careers/sales-associates.html]
[www.santanarow.com/concierge/careers/stylist-guide.html]
[www.santanarow.com/concierge/careers/lead-stylist-supervisor.html]
[www.santanarow.com/concierge/careers/part-time-sales-and-stylist.html]
[www.santanarow.com/concierge/careers/sales-associate8.html]
[www.santanarow.com/concierge/careers/various-roles.html]
[www.santanarow.com/concierge/careers/part-time-sales-lead1.html]
[www.santanarow.com/concierge/careers/part-time-bridal-stylist-sales-sssociate.html]
[www.santanarow.com/concierge/careers/optician-optometric-assistant.html]
[www.santanarow.com/concierge/careers/part-time-stylist.html]
[www.santanarow.com/concierge/careers/store-managerTC.html]
[www.santanarow.com/concierge/careers/sales-associateTC.html]
[www.santanarow.com/images/promos/sr_promo_genereic_bg_001.jpg]
[www.santanarow.com/concierge/careers/full-time-sales-associate.html]
[www.santanarow.com/images/made/images/vendor/poke_hero_2018_480_150_s_c1.jpg]
[www.santanarow.com/images/made/images/vendor/poke_hero_2018_1600_450_s_c1.jpg]
[www.santanarow.com/dine/poke-bar]
[www.santanarow.com/concierge/about.html]
[www.santanarow.com/concierge/blog.html]
[www.santanarow.com/concierge/blog/the-perfect-weekend-getaway.html]
[www.santanarow.com/concierge/blog/self-indulge-on-mothers-day-at-santana-row.html]
[www.santanarow.com/concierge/blog/mothers-day-gift-guide-by-bay-area-fashionista.html]
[www.santanarow.com/concierge/blog/5-spring-trends-where-to-find-them-by-beyond-casual-b.html]
[www.santanarow.com/concierge/blog/bay-area-fashionistas-santana-row-valentines-day-gift-guide-2018.html]
[www.santanarow.com/images/blog-files/WTFab_SR.jpg]
[www.santanarow.com/concierge/blog/santa-baby-by-wtfab.html]
[www.santanarow.com/concierge/blog/holiday-shopping-by-pink-on-the-cheek.html]
[www.santanarow.com/concierge/blog/holiday-gift-guide-2017-by-bay-area-fashionista.html]
[www.santanarow.com/concierge/blog/fall-florals-by-living-in-vogue.html]
[www.santanarow.com/images/made/images/blog-files/BBB_Sephora_480_356_s_c1.jpg]
[www.santanarow.com/images/blog-files/BBB.jpg]
[www.santanarow.com/shop/drybar9b28.html]
[www.santanarow.com/images/promos/450X450_Drybar.jpg]
[www.santanarow.com/concierge/blog/beauty-and-bubbles-event-at-santana-row.html]
[www.santanarow.com/concierge/blog/fall-2017-style-at-santana-row.html]
[www.santanarow.com/concierge/blog/back-to-school-shopping-for-teachers-moms-and-kids.html]
[www.santanarow.com/images/blog-files/SR-Fathers-Day-2017-Bonobos.png]
[www.santanarow.com/images/blog-files/SR-Fathers-Day-2017-DJP--1024x578.png]
[www.santanarow.com/images/blog-files/SR-Fathers-Day-2017-Crate-and-Barrel.png]
[www.santanarow.com/images/blog-files/SR-Fathers-Day-2017-store_hero_w_salon_1600_450_s_c1.jpg]
[www.santanarow.com/images/blog-files/SR-Fathers-Day-2017-Tacolicious_Hero_1600_450_s_c1.jpg]
[www.santanarow.com/concierge/blog/last-minute-fathers-day-gifts-from-santana-row-shops.html]
[www.santanarow.com/concierge/blog/fathers-day-gift-guide-to-santana-row1.html]
[www.santanarow.com/concierge/blog/hotel-valencia-santana-row-staycation.html]
[www.santanarow.com/images/blog-files/k3.jpg]
[www.santanarow.com/images/blog-files/Lu1.jpg]
[www.santanarow.com/images/blog-files/Lu2.jpg]
[www.santanarow.com/images/blog-files/Lu3.jpg]
[www.santanarow.com/concierge/blog/mothers-day-gift-guide-with-santana-row.html]
[www.santanarow.com/concierge/blog/bay-area-fashionista-mothers-day-gift-guide.html]
[www.santanarow.com/images/blog-files/VWB.jpg]
[www.santanarow.com/images/blog-files/HOR.jpg]
[www.santanarow.com/images/blog-files/TRIO.jpg]
[www.santanarow.com/images/blog-files/OBLA.jpg]
[www.santanarow.com/images/blog-files/PIZZA.jpg]
[www.santanarow.com/images/blog-files/SALAZ.jpg]
[www.santanarow.com/images/blog-files/FOOD.jpg]
[www.santanarow.com/images/blog-files/POOL.jpg]
[www.santanarow.com/images/blog-files/DECK.jpg]
[www.santanarow.com/images/blog-files/LIVINGROOM.jpg]
[www.santanarow.com/images/blog-files/MAKERS.jpg]
[www.santanarow.com/images/blog-files/MKERS1.jpg]
[www.santanarow.com/images/blog-files/Coasters.jpg]
[www.santanarow.com/images/blog-files/AESOPLOUNGE.jpg]
[www.santanarow.com/images/blog-files/AESOP1.jpg]
[www.santanarow.com/images/blog-files/DryBar_1.jpg]
[www.santanarow.com/concierge/blog/santana-row-a-taste-of-europe-in-san-jose.html]
[www.santanarow.com/concierge/blog/give-a-little-love-for-valentines-day-from-santana-row.html]
[www.santanarow.com/images/made/images/blog-files/Santana-Row-header_480_360_s_c1.jpg]
[www.santanarow.com/concierge/blog/shop-local-gift-guide-santana-row.html]
[www.santanarow.com/images/blog-files/A2.jpg]
[www.santanarow.com/images/blog-files/A3.jpg]
[www.santanarow.com/images/blog-files/A4.jpg]
[www.santanarow.com/concierge/blog/aeesop-in-santana-row-by-spiffykerms.html]
[www.santanarow.com/shop/baldwin-2.html]
[www.santanarow.com/images/blog-files/Splendid__KH.jpg]
[www.santanarow.com/images/blog-files/SS_KH.jpg]
[www.santanarow.com/images/blog-files/KS_KH.jpg]
[www.santanarow.com/concierge/blog/fashion-forward-2016.html]
[www.santanarow.com/images/made/images/blog-files/Fall_Style_Guide_2016_480_355_s_c1.jpg]
[www.santanarow.com/concierge/blog/living-in-vogue-2016-fall-style-shopping-guide.html]
[www.santanarow.com/concierge/blog/how-to-wear-white-into-fall.html]
[www.santanarow.com/images/made/images/blog-files/marjastudio-0711_square_480_480_s_c1.jpg]
[www.santanarow.com/concierge/blog/makers-market-meet-the-artist-marja-germans.html]
[musemeileenadotcom.files.wordpress.com/2016/06/dsc_3111.388a89c.delayed]
[musemeileenadotcom.files.wordpress.com/2016/06/img_0026a89c.jpg]
[musemeileenadotcom.files.wordpress.com/2016/06/screen-shot-2016-06-09-at-12-28-29-pm.38aa89c.delayed]
[musemeileenadotcom.files.wordpress.com/2016/06/pdb2zfmaor1p5j2drgsk29jpe5yx9v2da89c.jpg]
[musemeileenadotcom.files.wordpress.com/2016/06/13055302_1716685315283237_5282974406858575826_na89c.jpg]
[musemeileenadotcom.files.wordpress.com/2016/06/us-mens-accessories-bags-tweener-contrast-handle-holdall-gray-xs6m_tweener_05-grey_1a89c.jpg]
[musemeileenadotcom.files.wordpress.com/2016/06/scrap6__75941-1442360539-1280-1280a89c.jpg]
[musemeileenadotcom.files.wordpress.com/2016/06/img_0043a89c.jpg]
[musemeileenadotcom.files.wordpress.com/2016/06/img_0041a89c.jpg]
[musemeileenadotcom.files.wordpress.com/2016/06/0e0601442aa89c.jpg]
[musemeileenadotcom.files.wordpress.com/2016/06/303e2958daa89c.jpg]
[musemeileenadotcom.files.wordpress.com/2016/06/img_0039a89c.jpg]
[musemeileenadotcom.files.wordpress.com/2016/06/2dc093352c68488606911494a40196a1a89c.jpg]
[musemeileenadotcom.files.wordpress.com/2016/06/img_0044a89c.jpg]
[musemeileenadotcom.files.wordpress.com/2016/06/k1071_63525.jpg]
[musemeileenadotcom.files.wordpress.com/2016/06/vice-8pc-open-standard3525.jpg]
[www.santanarow.com/concierge/blog/unique-gifts-for-fathers-day-from-santana-row-that-all-dads-would-love-sant.html]
[www.santanarow.com/images/made/images/blog-files/FDB_480_672_s_c1.png]
[www.santanarow.com/concierge/blog/fathers-day-shopping-by-pink-on-the-cheek.html]
[www.santanarow.com/shop/tesla.3bb.delayed]
[bayareafashionista.com/wp-content/uploads/2016/05/brooks-brothers.jpg]
[bayareafashionista.com/wp-content/uploads/2016/05/brooks-brothers-500x500.jpg]
[bayareafashionista.com/wp-content/uploads/2016/05/brooks-brothers-1000x1000.jpg]
[bayareafashionista.com/wp-content/uploads/2016/05/brooks-brothers-150x150.jpg]
[bayareafashionista.com/wp-content/uploads/2016/05/brooks-brothers-3-4000x2640.jpg]
[bayareafashionista.com/wp-content/uploads/2016/05/brooks-brothers-3-500x330.jpg]
[bayareafashionista.com/wp-content/uploads/2016/05/brooks-brothers-3-1000x660.jpg]
[bayareafashionista.com/wp-content/uploads/2016/05/brooks-brothers-cologne.jpg]
[bayareafashionista.com/wp-content/uploads/2016/05/brooks-brothers-cologne-500x235.jpg]
[bayareafashionista.com/wp-content/uploads/2016/05/brooks-brothers-cologne-1000x469.jpg]
[bayareafashionista.com/wp-content/uploads/2016/05/brooks-brothers-bow-ties.jpg]
[bayareafashionista.com/wp-content/uploads/2016/05/brooks-brothers-bow-ties-500x370.jpg]
[bayareafashionista.com/wp-content/uploads/2016/05/tommy-bahama.jpg]
[bayareafashionista.com/wp-content/uploads/2016/05/tommy-bahama-500x500.jpg]
[bayareafashionista.com/wp-content/uploads/2016/05/tommy-bahama-1000x1000.jpg]
[bayareafashionista.com/wp-content/uploads/2016/05/tommy-bahama-150x150.jpg]
[bayareafashionista.com/wp-content/uploads/2016/05/tommy-bahama-4-2-4000x3311.jpg]
[bayareafashionista.com/wp-content/uploads/2016/05/tommy-bahama-4-2-500x414.jpg]
[bayareafashionista.com/wp-content/uploads/2016/05/tommy-bahama-4-2-1000x828.jpg]
[bayareafashionista.com/wp-content/uploads/2016/05/tommy-bahama-3-2-4000x2698.jpg]
[bayareafashionista.com/wp-content/uploads/2016/05/tommy-bahama-3-2-500x337.jpg]
[bayareafashionista.com/wp-content/uploads/2016/05/tommy-bahama-3-2-1000x674.jpg]
[bayareafashionista.com/wp-content/uploads/2016/05/tommy-bahama-1-1.jpg]
[bayareafashionista.com/wp-content/uploads/2016/05/tommy-bahama-1-1-500x500.jpg]
[bayareafashionista.com/wp-content/uploads/2016/05/tommy-bahama-1-1-1000x1000.jpg]
[bayareafashionista.com/wp-content/uploads/2016/05/tommy-bahama-1-1-150x150.jpg]
[bayareafashionista.com/wp-content/uploads/2016/05/donald-j-pliner-1-4000x2384.jpg]
[bayareafashionista.com/wp-content/uploads/2016/05/donald-j-pliner-1-500x298.jpg]
[bayareafashionista.com/wp-content/uploads/2016/05/donald-j-pliner-1-1000x596.jpg]
[bayareafashionista.com/wp-content/uploads/2016/05/donald-j-pliner-2-4000x2155.jpg]
[bayareafashionista.com/wp-content/uploads/2016/05/donald-j-pliner-2-500x269.jpg]
[bayareafashionista.com/wp-content/uploads/2016/05/donald-j-pliner-2-1000x539.jpg]
[bayareafashionista.com/wp-content/uploads/2016/05/donald-j-pliner-3.jpg]
[bayareafashionista.com/wp-content/uploads/2016/05/donald-j-pliner-3-500x500.jpg]
[bayareafashionista.com/wp-content/uploads/2016/05/donald-j-pliner-3-1000x1000.jpg]
[bayareafashionista.com/wp-content/uploads/2016/05/donald-j-pliner-3-150x150.jpg]
[bayareafashionista.com/wp-content/uploads/2016/05/donald-j-pliner.jpg]
[bayareafashionista.com/wp-content/uploads/2016/05/donald-j-pliner-500x500.jpg]
[bayareafashionista.com/wp-content/uploads/2016/05/donald-j-pliner-1000x1000.jpg]
[bayareafashionista.com/wp-content/uploads/2016/05/donald-j-pliner-150x150.jpg]
[bayareafashionista.com/wp-content/uploads/2016/05/scotch-and-soda-2-4000x3050.jpg]
[bayareafashionista.com/wp-content/uploads/2016/05/scotch-and-soda-2-500x381.jpg]
[bayareafashionista.com/wp-content/uploads/2016/05/scotch-and-soda-2-1000x763.jpg]
[bayareafashionista.com/wp-content/uploads/2016/05/scotch-and-soda-4000x3774.jpg]
[bayareafashionista.com/wp-content/uploads/2016/05/scotch-and-soda-500x472.jpg]
[bayareafashionista.com/wp-content/uploads/2016/05/scotch-and-soda-1000x943.jpg]
[bayareafashionista.com/wp-content/uploads/2016/05/scotch-and-soda-1-1.jpg]
[bayareafashionista.com/wp-content/uploads/2016/05/scotch-and-soda-1-1-500x500.jpg]
[bayareafashionista.com/wp-content/uploads/2016/05/scotch-and-soda-1-1-1000x1000.jpg]
[bayareafashionista.com/wp-content/uploads/2016/05/scotch-and-soda-1-1-150x150.jpg]
[www.santanarow.com/concierge/blog/fathers-day-gift-guide-to-santana-row.html]
[www.santanarow.com/concierge/blog/living-in-vogue-mothers-day-gift-guide.html]
[www.santanarow.com/images/blog-files/HMBlog.jpg]
[www.santanarow.com/images/blog-files/lulu_Blog.jpg]
[www.santanarow.com/images/blog-files/Sephora_BLOG_1.jpg]
[www.santanarow.com/images/blog-files/ZBlog.jpg]
[www.santanarow.com/images/blog-files/Lisa_Tea_1.jpg]
[www.santanarow.com/images/blog-files/Sug_Blog_ROM.jpg]
[www.santanarow.com/concierge/blog/spoil-her-at-santana-row-for-mothers-day.html]
[www.santanarow.com/images/made/images/blog-files/Spring-Trends-Sneak-Peak-at-Santana-Row_480_720_s_c1.png]
[www.santanarow.com/images/blog-files/Sugar_Blog.jpg]
[www.santanarow.com/images/blog-files/KS_Blog.jpg]
[www.santanarow.com/images/blog-files/Anthro_Blog.jpg]
[www.santanarow.com/concierge/blog/spring-trends-sneak-peak-at-santana-row.html]
[www.santanarow.com/images/made/images/blog-files/Guide_Mothers_480_360_s_c1.jpg]
[www.santanarow.com/images/blog-files/Vera-Bradley_Spiffy.jpg]
[i0.wp.com/www.spiffykerms.com/wordpress/wp-content/uploads/2016/03/Anthro.jpg]
[www.santanarow.com/images/blog-files/Anthro_Spriffy.jpg]
[i0.wp.com/www.spiffykerms.com/wordpress/wp-content/uploads/2016/03/Sephora.jpg]
[www.santanarow.com/images/blog-files/Sephora_Spiffy.jpg]
[i1.wp.com/www.spiffykerms.com/wordpress/wp-content/uploads/2016/03/Urban-Outfitters.jpg]
[www.santanarow.com/images/blog-files/Urban_Spiffy.jpg]
[i2.wp.com/www.spiffykerms.com/wordpress/wp-content/uploads/2016/03/Kate-Spade.jpg]
[www.santanarow.com/images/blog-files/kate_spiffy.jpg]
[i0.wp.com/www.spiffykerms.com/wordpress/wp-content/uploads/2016/03/Sugarfina.jpg]
[www.santanarow.com/images/blog-files/sugar_spiffy.jpg]
[i2.wp.com/www.spiffykerms.com/wordpress/wp-content/uploads/2016/03/Lululemon.jpg]
[www.santanarow.com/images/blog-files/lulu_spiffy.jpg]
[i2.wp.com/www.spiffykerms.com/wordpress/wp-content/uploads/2016/03/Lou-Grey.jpg]
[www.santanarow.com/images/blog-files/lou_spiffy.jpg]
[i1.wp.com/www.spiffykerms.com/wordpress/wp-content/uploads/2016/03/Pizza-Antica.jpg]
[www.santanarow.com/images/blog-files/Pizza-Antica_Spiffy.jpg]
[i0.wp.com/www.spiffykerms.com/wordpress/wp-content/uploads/2016/04/SRow-Dance.jpg]
[www.santanarow.com/concierge/blog/mothers-day-gift-guide-by-spiffykerms.html]
[www.santanarow.com/images/blog-files/1.jpg]
[www.santanarow.com/images/blog-files/2.jpg]
[3.bp.blogspot.com/-DYDJhR0TAzY/VreujnNDSjI/AAAAAAAAM1A/X35Q7Bf8NSI/s1600/sr1.jpg]
[www.santanarow.com/images/blog-files/4.jpg]
[www.santanarow.com/images/blog-files/3.jpg]
[www.santanarow.com/images/blog-files/papersource.jpg]
[www.santanarow.com/images/blog-files/kate_spade.jpg]
[www.santanarow.com/images/blog-files/sugarfina_vday.jpg]
[www.santanarow.com/images/blog-files/left1.jpg]
[www.santanarow.com/concierge/blog/shopping-sipping-our-way-through-santana-row-as-we-prep-for-valentines.html]
[www.santanarow.com/concierge/blog/stunning-valentines-day-gifts-from-santana-row-by-the-stunning-post.html]
[www.santanarow.com/images/blog-files/annie-glass-heart-plates-1024x1024.jpg]
[www.santanarow.com/images/blog-files/flying-lizard-rings-1024x1024.jpg]
[www.santanarow.com/images/blog-files/sugarfina-candy-1024x1024.jpg]
[www.santanarow.com/images/blog-files/tommy-bahama-mens-watch.jpg]
[www.santanarow.com/concierge/blog/valentines-day-gift-guide-to-santana-row.html]
[www.santanarow.com/images/blog-files/_71A8309x3.jpg]
[www.santanarow.com/concierge/blog/dots-by-living-in-vogue.html]
[www.santanarow.com/images/blog-files/BayClub.jpg]
[www.santanarow.com/images/blog-files/Warby.jpg]
[www.santanarow.com/images/blog-files/BLT.jpg]
[www.santanarow.com/images/blog-files/Cocktail.jpg]
[www.santanarow.com/concierge/blog/2016-is-here.html]
[www.santanarow.com/concierge/blog/roots-and-rye-is-here.html]
[www.santanarow.com/images/blog-files/T1.png]
[www.santanarow.com/images/blog-files/Ted_Shoes.jpg]
[www.santanarow.com/images/blog-files/S1.png]
[www.santanarow.com/images/blog-files/S2.png]
[www.santanarow.com/images/blog-files/K1.jpg]
[www.santanarow.com/images/blog-files/K2.jpg]
[www.santanarow.com/images/blog-files/K3-2.jpg]
[www.santanarow.com/concierge/blog/all-fall-everything.html]
[www.santanarow.com/images/made/images/blog-files/The_Row_480_480_s_c1.jpg]
[www.santanarow.com/images/blog-files/The_Counter.jpg]
[www.santanarow.com/images/blog-files/Hotel_V.jpg]
[www.santanarow.com/images/blog-files/Pressed_Juicery.jpg]
[www.santanarow.com/images/blog-files/El_Jardin.jpg]
[www.santanarow.com/concierge/blog/the-bay-club-blog-local-finds-santana-row.html]
[www.santanarow.com/images/blog-files/Sandal-blog_100x100.png]
[www.santanarow.com/concierge/blog/all-about-the-moms.html]
[www.santanarow.com/images/blog-files/5_avatar.png]
[www.santanarow.com/concierge/blog/spring-me.html]
[www.santanarow.com/images/blog-files/PresBlog.png]
[www.santanarow.com/concierge/blog/short-but-mighty.html]
[www.santanarow.com/images/blog-files/7217_blog.jpg]
[www.santanarow.com/concierge/blog/moving-into-2015-with-style-grace-me.html]
[www.santanarow.com/images/blog-files/HolidayGiftCard2014.jpg]
[www.santanarow.com/concierge/blog/holiday-gift-guide-2014.html]
[www.santanarow.com/images/blog-files/CalypsoCaresPNG.png]
[www.santanarow.com/concierge/blog/keeping-up-with-the-row.html]
[www.santanarow.com/images/blog-files/HitTheHalls1.jpg]
[www.santanarow.com/concierge/blog/hit-the-halls-in-style.html]
[www.santanarow.com/images/blog-files/hair_with_waves.jpg]
[www.santanarow.com/concierge/blog/how-to-stretch-out-your-salon-hairstyle.html]
[www.santanarow.com/images/blog-files/FathersDay10.png]
[www.santanarow.com/concierge/blog/fathers-day-gifts-on-the-row.html]
[www.santanarow.com/images/blog-files/Timeless_4.png]
[www.santanarow.com/concierge/blog/casual-style-with-timeless-pieces.html]
[www.santanarow.com/images/blog-files/Spring_Style_Guide_Thumbnail.png]
[www.santanarow.com/concierge/blog/spring-style-guide-at-santana-row.html]
[www.santanarow.com/images/blog-files/Valentines2.jpg]
[www.santanarow.com/concierge/blog/love-is-in-the-air-can-you-feel-it-santana-row-has-you-covered.html]
[www.santanarow.com/images/blog-files/2014_Blog_4.jpg]
[www.santanarow.com/concierge/blog/lovin-everything-2014.html]
[www.santanarow.com/concierge/blog/P40.html]
[www.santanarow.com/concierge/leasing.html]
[www.santanarow.com/concierge/visit.html]
[www.santanarow.com/concierge/careers/part-time-advisor.html]
[www.santanarow.com/concierge/careers/native-store-associate.html]
[www.santanarow.com/shop/drybar9b28.html]
[www.santanarow.com/shop/baldwin-2.html]
[www.santanarow.com/concierge/blog/P0.html]
[www.santanarow.com/images/blog-files/Warby_Spiffy.jpg]
[www.santanarow.com/images/blog-files/Spring1.png]
[www.santanarow.com/images/blog-files/Spring2.png]
[www.santanarow.com/events/fathers-day-gift-with-purchase]
[www.santanarow.com/images/blog-files/Spring3.png]
[www.santanarow.com/images/blog-files/Spring4.png]
[www.santanarow.com/events/mothers-day-dining-on-the-row.html]
[www.santanarow.com/concierge/blog/all-about-the-moms.html]
[www.santanarow.com/images/blog-files/1.png]
[www.santanarow.com/images/blog-files/2.png]
[www.santanarow.com/images/blog-files/3.png]
[www.santanarow.com/images/blog-files/4.png]
[www.santanarow.com/images/blog-files/5.png]
[www.santanarow.com/images/blog-files/6.png]
[www.santanarow.com/images/blog-files/7.png]
[www.santanarow.com/concierge/blog/spring-me.html]
[www.santanarow.com/events/valentines-day-on-the-row.html]
[www.santanarow.com/images/blog-files/Purse1.png]
[www.santanarow.com/images/blog-files/Flash2.png]
[www.santanarow.com/images/blog-files/Him3.png]
[www.santanarow.com/images/blog-files/Him4.png]
[www.santanarow.com/images/blog-files/pres5.png]
[www.santanarow.com/images/blog-files/MardGras6.png]
[www.santanarow.com/events/wine-stroll-benefiting-the-american-heart-association.html]
[www.santanarow.com/images/blog-files/Pics7.png]
[www.santanarow.com/concierge/blog/short-but-mighty.html]
[www.santanarow.com/images/blog-files/Katelyn_Picture.png]
[www.santanarow.com/concierge/blog/moving-into-2015-with-style-grace-me.html]
[www.santanarow.com/images/blog-files/Front_Row____November_2014_Gift_Guide_Page_11.jpg]
[www.santanarow.com/images/blog-files/Front_Row____November_2014_Gift_Guide_Page_22.jpg]
[www.santanarow.com/images/blog-files/Front_Row____November_2014_Gift_Guide_Page_3.jpg]
[www.santanarow.com/images/blog-files/Front_Row____November_2014_Gift_Guide_Page_4.jpg]
[www.santanarow.com/concierge/blog/holiday-gift-guide-2014.html]
[www.santanarow.com/events/santana-row-one-warm-coat-charity-drive.html]
[www.santanarow.com/events/shop-enjoy-give-holiday-wine-stroll-benefiting-second-harvest-food-bank.html]
[www.santanarow.com/images/blog-files/CalypsoCares.png]
[www.santanarow.com/concierge/blog/keeping-up-with-the-row.html]
[www.santanarow.com/images/blog-files/HitTheHalls2.jpg]
[www.santanarow.com/images/blog-files/HitTheHalls3.jpg]
[www.santanarow.com/images/blog-files/HitTheHalls4.jpg]
[www.santanarow.com/images/blog-files/HitTheHalls5.jpg]
[www.santanarow.com/images/blog-files/HitTheHalls6.jpg]
[www.santanarow.com/images/blog-files/HitTheHalls7.jpg]
[www.santanarow.com/images/blog-files/HitTheHalls8.jpg]
[www.santanarow.com/images/blog-files/HitTheHalls9.jpg]
[www.santanarow.com/concierge/blog/hit-the-halls-in-style.html]
[www.santanarow.com/concierge/blog/how-to-stretch-out-your-salon-hairstyle.html]
[www.santanarow.com/images/blog-files/FathersDay1.png]
[www.santanarow.com/images/blog-files/FathersDay2.png]
[www.santanarow.com/images/blog-files/FathersDay3.png]
[www.santanarow.com/images/blog-files/FathersDay4.png]
[www.santanarow.com/images/blog-files/FathersDay5.png]
[www.santanarow.com/images/blog-files/FathersDay6.png]
[www.santanarow.com/images/blog-files/FathersDay7.png]
[www.santanarow.com/images/blog-files/FathersDay8.png]
[www.santanarow.com/images/blog-files/FathersDay9.png]
[www.santanarow.com/concierge/blog/fathers-day-gifts-on-the-row.html]
[www.santanarow.com/images/blog-files/Timeless_1.png]
[www.santanarow.com/images/blog-files/Timeless_3.png]
[www.santanarow.com/images/blog-files/Timeless_2.png]
[www.santanarow.com/images/blog-files/Timeless_5.png]
[www.santanarow.com/images/blog-files/Timeless_6.png]
[www.santanarow.com/concierge/blog/casual-style-with-timeless-pieces.html]
[www.santanarow.com/images/blog-files/SR-0031-SpringEblast_2014_(3).jpg]
[www.santanarow.com/concierge/blog/spring-style-guide-at-santana-row.html]
[www.santanarow.com/images/blog-files/Valentines1.jpg]
[www.santanarow.com/images/blog-files/Valentines3.jpg]
[www.santanarow.com/concierge/blog/love-is-in-the-air-can-you-feel-it-santana-row-has-you-covered.html]
[www.santanarow.com/images/blog-files/2014_Blog_1.jpg]
[www.santanarow.com/images/blog-files/2014_Blog_2.jpg]
[www.santanarow.com/images/blog-files/2014_Blog_3.jpg]
[www.santanarow.com/images/blog-files/2014_Blog_5.jpg]
[www.santanarow.com/concierge/blog/lovin-everything-2014.html]
[www.santanarow.com/concierge/blog/P0.html]
[www.santanarow.com/events/fathers-day-gift-with-purchase]
[www.santanarow.com/events/mothers-day-dining-on-the-row.html]
[www.santanarow.com/events/valentines-day-on-the-row.html]
[www.santanarow.com/events/wine-stroll-benefiting-the-american-heart-association.html]
[www.santanarow.com/events/santana-row-one-warm-coat-charity-drive.html]
[www.santanarow.com/events/shop-enjoy-give-holiday-wine-stroll-benefiting-second-harvest-food-bank.html]
